Archive member included to satisfy reference by file (symbol)

c:/program files (x86)/atollic/truestudio for stm32 9.2.0/armtools/bin/../lib/gcc/arm-atollic-eabi/6.3.1/../../../../arm-atollic-eabi/lib/armv7e-m/fpu\libc_nano.a(lib_a-init.o)
                              startup\startup_stm32f446xx.o (__libc_init_array)
c:/program files (x86)/atollic/truestudio for stm32 9.2.0/armtools/bin/../lib/gcc/arm-atollic-eabi/6.3.1/../../../../arm-atollic-eabi/lib/armv7e-m/fpu\libc_nano.a(lib_a-malloc.o)
                              Middlewares\Third_Party\FatFs\src\option\syscall.o (malloc)
c:/program files (x86)/atollic/truestudio for stm32 9.2.0/armtools/bin/../lib/gcc/arm-atollic-eabi/6.3.1/../../../../arm-atollic-eabi/lib/armv7e-m/fpu\libc_nano.a(lib_a-memcmp.o)
                              Src\WaveHeader.o (memcmp)
c:/program files (x86)/atollic/truestudio for stm32 9.2.0/armtools/bin/../lib/gcc/arm-atollic-eabi/6.3.1/../../../../arm-atollic-eabi/lib/armv7e-m/fpu\libc_nano.a(lib_a-memset.o)
                              Src\WaveHeader.o (memset)
c:/program files (x86)/atollic/truestudio for stm32 9.2.0/armtools/bin/../lib/gcc/arm-atollic-eabi/6.3.1/../../../../arm-atollic-eabi/lib/armv7e-m/fpu\libc_nano.a(lib_a-nano-freer.o)
                              c:/program files (x86)/atollic/truestudio for stm32 9.2.0/armtools/bin/../lib/gcc/arm-atollic-eabi/6.3.1/../../../../arm-atollic-eabi/lib/armv7e-m/fpu\libc_nano.a(lib_a-malloc.o) (_free_r)
c:/program files (x86)/atollic/truestudio for stm32 9.2.0/armtools/bin/../lib/gcc/arm-atollic-eabi/6.3.1/../../../../arm-atollic-eabi/lib/armv7e-m/fpu\libc_nano.a(lib_a-nano-mallocr.o)
                              c:/program files (x86)/atollic/truestudio for stm32 9.2.0/armtools/bin/../lib/gcc/arm-atollic-eabi/6.3.1/../../../../arm-atollic-eabi/lib/armv7e-m/fpu\libc_nano.a(lib_a-malloc.o) (_malloc_r)
c:/program files (x86)/atollic/truestudio for stm32 9.2.0/armtools/bin/../lib/gcc/arm-atollic-eabi/6.3.1/../../../../arm-atollic-eabi/lib/armv7e-m/fpu\libc_nano.a(lib_a-sbrkr.o)
                              c:/program files (x86)/atollic/truestudio for stm32 9.2.0/armtools/bin/../lib/gcc/arm-atollic-eabi/6.3.1/../../../../arm-atollic-eabi/lib/armv7e-m/fpu\libc_nano.a(lib_a-nano-mallocr.o) (_sbrk_r)
c:/program files (x86)/atollic/truestudio for stm32 9.2.0/armtools/bin/../lib/gcc/arm-atollic-eabi/6.3.1/../../../../arm-atollic-eabi/lib/armv7e-m/fpu\libc_nano.a(lib_a-sprintf.o)
                              Src\WaveHeader.o (sprintf)
c:/program files (x86)/atollic/truestudio for stm32 9.2.0/armtools/bin/../lib/gcc/arm-atollic-eabi/6.3.1/../../../../arm-atollic-eabi/lib/armv7e-m/fpu\libc_nano.a(lib_a-strlen.o)
                              Src\uart_general.o (strlen)
c:/program files (x86)/atollic/truestudio for stm32 9.2.0/armtools/bin/../lib/gcc/arm-atollic-eabi/6.3.1/../../../../arm-atollic-eabi/lib/armv7e-m/fpu\libc_nano.a(lib_a-impure.o)
                              c:/program files (x86)/atollic/truestudio for stm32 9.2.0/armtools/bin/../lib/gcc/arm-atollic-eabi/6.3.1/../../../../arm-atollic-eabi/lib/armv7e-m/fpu\libc_nano.a(lib_a-malloc.o) (_impure_ptr)
c:/program files (x86)/atollic/truestudio for stm32 9.2.0/armtools/bin/../lib/gcc/arm-atollic-eabi/6.3.1/../../../../arm-atollic-eabi/lib/armv7e-m/fpu\libc_nano.a(lib_a-mlock.o)
                              c:/program files (x86)/atollic/truestudio for stm32 9.2.0/armtools/bin/../lib/gcc/arm-atollic-eabi/6.3.1/../../../../arm-atollic-eabi/lib/armv7e-m/fpu\libc_nano.a(lib_a-nano-freer.o) (__malloc_lock)
c:/program files (x86)/atollic/truestudio for stm32 9.2.0/armtools/bin/../lib/gcc/arm-atollic-eabi/6.3.1/../../../../arm-atollic-eabi/lib/armv7e-m/fpu\libc_nano.a(lib_a-nano-svfprintf.o)
                              c:/program files (x86)/atollic/truestudio for stm32 9.2.0/armtools/bin/../lib/gcc/arm-atollic-eabi/6.3.1/../../../../arm-atollic-eabi/lib/armv7e-m/fpu\libc_nano.a(lib_a-sprintf.o) (_svfprintf_r)
c:/program files (x86)/atollic/truestudio for stm32 9.2.0/armtools/bin/../lib/gcc/arm-atollic-eabi/6.3.1/../../../../arm-atollic-eabi/lib/armv7e-m/fpu\libc_nano.a(lib_a-nano-vfprintf_i.o)
                              c:/program files (x86)/atollic/truestudio for stm32 9.2.0/armtools/bin/../lib/gcc/arm-atollic-eabi/6.3.1/../../../../arm-atollic-eabi/lib/armv7e-m/fpu\libc_nano.a(lib_a-nano-svfprintf.o) (_printf_i)
c:/program files (x86)/atollic/truestudio for stm32 9.2.0/armtools/bin/../lib/gcc/arm-atollic-eabi/6.3.1/../../../../arm-atollic-eabi/lib/armv7e-m/fpu\libc_nano.a(lib_a-reent.o)
                              c:/program files (x86)/atollic/truestudio for stm32 9.2.0/armtools/bin/../lib/gcc/arm-atollic-eabi/6.3.1/../../../../arm-atollic-eabi/lib/armv7e-m/fpu\libc_nano.a(lib_a-sbrkr.o) (errno)
c:/program files (x86)/atollic/truestudio for stm32 9.2.0/armtools/bin/../lib/gcc/arm-atollic-eabi/6.3.1/../../../../arm-atollic-eabi/lib/armv7e-m/fpu\libc_nano.a(lib_a-memchr.o)
[...]
Memory Configuration

Name             Origin             Length             Attributes
RAM              0x20000000         0x00020000         xrw
FLASH            0x08000000         0x00080000         xr
*default*        0x00000000         0xffffffff

Linker script and memory map

LOAD c:/program files (x86)/atollic/truestudio for stm32 9.2.0/armtools/bin/../lib/gcc/arm-atollic-eabi/6.3.1/armv7e-m/fpu/crti.o
LOAD c:/program files (x86)/atollic/truestudio for stm32 9.2.0/armtools/bin/../lib/gcc/arm-atollic-eabi/6.3.1/armv7e-m/fpu/crtbegin.o
LOAD Drivers\STM32F4xx_HAL_Driver\Src\stm32f4xx_hal.o
LOAD Drivers\STM32F4xx_HAL_Driver\Src\stm32f4xx_hal_cortex.o
LOAD Drivers\STM32F4xx_HAL_Driver\Src\stm32f4xx_hal_dac.o
LOAD Drivers\STM32F4xx_HAL_Driver\Src\stm32f4xx_hal_dac_ex.o
LOAD Drivers\STM32F4xx_HAL_Driver\Src\stm32f4xx_hal_dma.o
LOAD Drivers\STM32F4xx_HAL_Driver\Src\stm32f4xx_hal_dma_ex.o
LOAD Drivers\STM32F4xx_HAL_Driver\Src\stm32f4xx_hal_flash.o
LOAD Drivers\STM32F4xx_HAL_Driver\Src\stm32f4xx_hal_flash_ex.o
LOAD Drivers\STM32F4xx_HAL_Driver\Src\stm32f4xx_hal_flash_ramfunc.o
LOAD Drivers\STM32F4xx_HAL_Driver\Src\stm32f4xx_hal_gpio.o
LOAD Drivers\STM32F4xx_HAL_Driver\Src\stm32f4xx_hal_pwr.o
LOAD Drivers\STM32F4xx_HAL_Driver\Src\stm32f4xx_hal_pwr_ex.o
LOAD Drivers\STM32F4xx_HAL_Driver\Src\stm32f4xx_hal_rcc.o
LOAD Drivers\STM32F4xx_HAL_Driver\Src\stm32f4xx_hal_rcc_ex.o
LOAD Drivers\STM32F4xx_HAL_Driver\Src\stm32f4xx_hal_sd.o
LOAD Drivers\STM32F4xx_HAL_Driver\Src\stm32f4xx_hal_sdram.o
LOAD Drivers\STM32F4xx_HAL_Driver\Src\stm32f4xx_hal_tim.o
LOAD Drivers\STM32F4xx_HAL_Driver\Src\stm32f4xx_hal_tim_ex.o
LOAD Drivers\STM32F4xx_HAL_Driver\Src\stm32f4xx_hal_uart.o
LOAD Drivers\STM32F4xx_HAL_Driver\Src\stm32f4xx_ll_fmc.o
LOAD Drivers\STM32F4xx_HAL_Driver\Src\stm32f4xx_ll_sdmmc.o
LOAD Middlewares\Third_Party\FatFs\src\diskio.o
LOAD Middlewares\Third_Party\FatFs\src\ff.o
LOAD Middlewares\Third_Party\FatFs\src\ff_gen_drv.o
LOAD Middlewares\Third_Party\FatFs\src\option\ccsbcs.o
LOAD Middlewares\Third_Party\FatFs\src\option\syscall.o
LOAD Src\Drv_SDRAM.o
LOAD Src\EMbed_GPIO_General.o
LOAD Src\WaveHeader.o
LOAD Src\bsp_driver_sd.o
LOAD Src\fatfs.o
LOAD Src\fatfs_platform.o
LOAD Src\main.o
LOAD Src\sd_diskio.o
LOAD Src\sd_user_code.o
LOAD Src\stm32f4xx_hal_msp.o
LOAD Src\stm32f4xx_it.o
LOAD Src\system_stm32f4xx.o
LOAD Src\uart_general.o
LOAD startup\startup_stm32f446xx.o
                0x00000080                malloc_getpagesize_P = 0x80
START GROUP
LOAD c:/program files (x86)/atollic/truestudio for stm32 9.2.0/armtools/bin/../lib/gcc/arm-atollic-eabi/6.3.1/../../../../arm-atollic-eabi/lib/armv7e-m/fpu\libc_nano.a
LOAD c:/program files (x86)/atollic/truestudio for stm32 9.2.0/armtools/bin/../lib/gcc/arm-atollic-eabi/6.3.1/../../../../arm-atollic-eabi/lib/armv7e-m/fpu\libm.a
END GROUP
START GROUP
LOAD c:/program files (x86)/atollic/truestudio for stm32 9.2.0/armtools/bin/../lib/gcc/arm-atollic-eabi/6.3.1/armv7e-m/fpu\libgcc.a
LOAD c:/program files (x86)/atollic/truestudio for stm32 9.2.0/armtools/bin/../lib/gcc/arm-atollic-eabi/6.3.1/../../../../arm-atollic-eabi/lib/armv7e-m/fpu\libc_nano.a
END GROUP
START GROUP
LOAD c:/program files (x86)/atollic/truestudio for stm32 9.2.0/armtools/bin/../lib/gcc/arm-atollic-eabi/6.3.1/armv7e-m/fpu\libgcc.a
LOAD c:/program files (x86)/atollic/truestudio for stm32 9.2.0/armtools/bin/../lib/gcc/arm-atollic-eabi/6.3.1/../../../../arm-atollic-eabi/lib/armv7e-m/fpu\libc_nano.a
LOAD c:/program files (x86)/atollic/truestudio for stm32 9.2.0/armtools/bin/../lib/gcc/arm-atollic-eabi/6.3.1/../../../../arm-atollic-eabi/lib/armv7e-m/fpu\libnosys.a
END GROUP
START GROUP
LOAD c:/program files (x86)/atollic/truestudio for stm32 9.2.0/armtools/bin/../lib/gcc/arm-atollic-eabi/6.3.1/armv7e-m/fpu\libgcc.a
LOAD c:/program files (x86)/atollic/truestudio for stm32 9.2.0/armtools/bin/../lib/gcc/arm-atollic-eabi/6.3.1/../../../../arm-atollic-eabi/lib/armv7e-m/fpu\libc_nano.a
LOAD c:/program files (x86)/atollic/truestudio for stm32 9.2.0/armtools/bin/../lib/gcc/arm-atollic-eabi/6.3.1/../../../../arm-atollic-eabi/lib/armv7e-m/fpu\libnosys.a
END GROUP
LOAD c:/program files (x86)/atollic/truestudio for stm32 9.2.0/armtools/bin/../lib/gcc/arm-atollic-eabi/6.3.1/armv7e-m/fpu/crtend.o
LOAD c:/program files (x86)/atollic/truestudio for stm32 9.2.0/armtools/bin/../lib/gcc/arm-atollic-eabi/6.3.1/armv7e-m/fpu/crtn.o
                0x20020000                _estack = 0x20020000
                0x00002000                _Min_Heap_Size = 0x2000
                0x00004000                _Min_Stack_Size = 0x4000

.isr_vector     0x08000000      0x1c4
                0x08000000                . = ALIGN (0x4)
 *(.isr_vector)
 .isr_vector    0x08000000      0x1c4 startup\startup_stm32f446xx.o
                0x08000000                g_pfnVectors
                0x080001c4                . = ALIGN (0x4)

.text           0x080001d0     0x7a74
                0x080001d0                . = ALIGN (0x4)
 *(.text)
 .text          0x080001d0       0x40 c:/program files (x86)/atollic/truestudio for stm32 9.2.0/armtools/bin/../lib/gcc/arm-atollic-eabi/6.3.1/armv7e-m/fpu/crtbegin.o
 .text          0x08000210       0x10 c:/program files (x86)/atollic/truestudio for stm32 9.2.0/armtools/bin/../lib/gcc/arm-atollic-eabi/6.3.1/../../../../arm-atollic-eabi/lib/armv7e-m/fpu\libc_nano.a(lib_a-strlen.o)
                0x08000210                strlen
 .text          0x08000220       0xa0 c:/program files (x86)/atollic/truestudio for stm32 9.2.0/armtools/bin/../lib/gcc/arm-atollic-eabi/6.3.1/../../../../arm-atollic-eabi/lib/armv7e-m/fpu\libc_nano.a(lib_a-memchr.o)
                0x08000220                memchr
 .text          0x080002c0      0x370 c:/program files (x86)/atollic/truestudio for stm32 9.2.0/armtools/bin/../lib/gcc/arm-atollic-eabi/6.3.1/armv7e-m/fpu\libgcc.a(_arm_addsubdf3.o)
                0x080002c0                __aeabi_drsub
                0x080002c8                __aeabi_dsub
                0x080002c8                __subdf3
                0x080002cc                __aeabi_dadd
                0x080002cc                __adddf3
                0x08000544                __floatunsidf
                0x08000544                __aeabi_ui2d
                0x08000564                __floatsidf
                0x08000564                __aeabi_i2d
                0x08000588                __aeabi_f2d
                0x08000588                __extendsfdf2
                0x080005c4                __floatundidf
                0x080005c4                __aeabi_ul2d
                0x080005d4                __floatdidf
                0x080005d4                __aeabi_l2d
 .text          0x08000630      0x424 c:/program files (x86)/atollic/truestudio for stm32 9.2.0/armtools/bin/../lib/gcc/arm-atollic-eabi/6.3.1/armv7e-m/fpu\libgcc.a(_arm_muldivdf3.o)
                0x08000630                __aeabi_dmul
                0x08000630                __muldf3
                0x08000884                __divdf3
                0x08000884                __aeabi_ddiv
 .text          0x08000a54      0x110 c:/program files (x86)/atollic/truestudio for stm32 9.2.0/armtools/bin/../lib/gcc/arm-atollic-eabi/6.3.1/armv7e-m/fpu\libgcc.a(_arm_cmpdf2.o)
                0x08000a54                __gtdf2
                0x08000a54                __gedf2
                0x08000a5c                __ltdf2
                0x08000a5c                __ledf2
                0x08000a64                __nedf2
                0x08000a64                __eqdf2
                0x08000a64                __cmpdf2
                0x08000ae0                __aeabi_cdrcmple
                0x08000af0                __aeabi_cdcmpeq
                0x08000af0                __aeabi_cdcmple
                0x08000b00                __aeabi_dcmpeq
                0x08000b14                __aeabi_dcmplt
                0x08000b28                __aeabi_dcmple
                0x08000b3c                __aeabi_dcmpge
                0x08000b50                __aeabi_dcmpgt
 .text          0x08000b64       0x50 c:/program files (x86)/atollic/truestudio for stm32 9.2.0/armtools/bin/../lib/gcc/arm-atollic-eabi/6.3.1/armv7e-m/fpu\libgcc.a(_arm_fixdfsi.o)
                0x08000b64                __aeabi_d2iz
                0x08000b64                __fixdfsi
 .text          0x08000bb4       0xa0 c:/program files (x86)/atollic/truestudio for stm32 9.2.0/armtools/bin/../lib/gcc/arm-atollic-eabi/6.3.1/armv7e-m/fpu\libgcc.a(_arm_truncdfsf2.o)
                0x08000bb4                __truncdfsf2
                0x08000bb4                __aeabi_d2f
 .text          0x08000c54       0x30 c:/program files (x86)/atollic/truestudio for stm32 9.2.0/armtools/bin/../lib/gcc/arm-atollic-eabi/6.3.1/armv7e-m/fpu\libgcc.a(_aeabi_uldivmod.o)
                0x08000c54                __aeabi_uldivmod
 .text          0x08000c84      0x2dc c:/program files (x86)/atollic/truestudio for stm32 9.2.0/armtools/bin/../lib/gcc/arm-atollic-eabi/6.3.1/armv7e-m/fpu\libgcc.a(_udivmoddi4.o)
                0x08000c84                __udivmoddi4
 .text          0x08000f60        0x4 c:/program files (x86)/atollic/truestudio for stm32 9.2.0/armtools/bin/../lib/gcc/arm-atollic-eabi/6.3.1/armv7e-m/fpu\libgcc.a(_dvmd_tls.o)
                0x08000f60                __aeabi_idiv0
                0x08000f60                __aeabi_ldiv0
 *(.text*)
 .text.HAL_InitTick
                0x08000f64       0x48 Drivers\STM32F4xx_HAL_Driver\Src\stm32f4xx_hal.o
                0x08000f64                HAL_InitTick
 .text.HAL_Init
                0x08000fac       0x34 Drivers\STM32F4xx_HAL_Driver\Src\stm32f4xx_hal.o
                0x08000fac                HAL_Init
 .text.HAL_IncTick
                0x08000fe0       0x18 Drivers\STM32F4xx_HAL_Driver\Src\stm32f4xx_hal.o
                0x08000fe0                HAL_IncTick
 .text.HAL_GetTick
                0x08000ff8        0xc Drivers\STM32F4xx_HAL_Driver\Src\stm32f4xx_hal.o
                0x08000ff8                HAL_GetTick
 .text.HAL_Delay
                0x08001004       0x28 Drivers\STM32F4xx_HAL_Driver\Src\stm32f4xx_hal.o
                0x08001004                HAL_Delay
 .text.HAL_NVIC_SetPriorityGrouping
                0x0800102c       0x24 Drivers\STM32F4xx_HAL_Driver\Src\stm32f4xx_hal_cortex.o
                0x0800102c                HAL_NVIC_SetPriorityGrouping
 .text.HAL_NVIC_SetPriority
                0x08001050       0x68 Drivers\STM32F4xx_HAL_Driver\Src\stm32f4xx_hal_cortex.o
                0x08001050                HAL_NVIC_SetPriority
 .text.HAL_NVIC_EnableIRQ
                0x080010b8       0x18 Drivers\STM32F4xx_HAL_Driver\Src\stm32f4xx_hal_cortex.o
                0x080010b8                HAL_NVIC_EnableIRQ
 .text.HAL_SYSTICK_Config
                0x080010d0       0x2c Drivers\STM32F4xx_HAL_Driver\Src\stm32f4xx_hal_cortex.o
                0x080010d0                HAL_SYSTICK_Config
 .text.HAL_DAC_Init
                0x080010fc       0x26 Drivers\STM32F4xx_HAL_Driver\Src\stm32f4xx_hal_dac.o
                0x080010fc                HAL_DAC_Init
 .text.HAL_DAC_Start
                0x08001122       0x5c Drivers\STM32F4xx_HAL_Driver\Src\stm32f4xx_hal_dac.o
                0x08001122                HAL_DAC_Start
 .text.HAL_DAC_ConfigChannel
                0x0800117e       0x40 Drivers\STM32F4xx_HAL_Driver\Src\stm32f4xx_hal_dac.o
                0x0800117e                HAL_DAC_ConfigChannel
 .text.HAL_DAC_SetValue
                0x080011be       0x24 Drivers\STM32F4xx_HAL_Driver\Src\stm32f4xx_hal_dac.o
                0x080011be                HAL_DAC_SetValue
 *fill*         0x080011e2        0x2 
 .text.DMA_CalcBaseAndBitshift
                0x080011e4       0x2c Drivers\STM32F4xx_HAL_Driver\Src\stm32f4xx_hal_dma.o
 .text.HAL_DMA_Init
                0x08001210       0xfc Drivers\STM32F4xx_HAL_Driver\Src\stm32f4xx_hal_dma.o
                0x08001210                HAL_DMA_Init
 .text.HAL_DMA_Abort_IT
                0x0800130c       0x24 Drivers\STM32F4xx_HAL_Driver\Src\stm32f4xx_hal_dma.o
                0x0800130c                HAL_DMA_Abort_IT
 .text.HAL_DMA_IRQHandler
                0x08001330      0x174 Drivers\STM32F4xx_HAL_Driver\Src\stm32f4xx_hal_dma.o
                0x08001330                HAL_DMA_IRQHandler
 .text.HAL_GPIO_Init
                0x080014a4      0x1b4 Drivers\STM32F4xx_HAL_Driver\Src\stm32f4xx_hal_gpio.o
                0x080014a4                HAL_GPIO_Init
 .text.HAL_GPIO_ReadPin
                0x08001658        0xc Drivers\STM32F4xx_HAL_Driver\Src\stm32f4xx_hal_gpio.o
                0x08001658                HAL_GPIO_ReadPin
 .text.HAL_GPIO_WritePin
                0x08001664        0xa Drivers\STM32F4xx_HAL_Driver\Src\stm32f4xx_hal_gpio.o
                0x08001664                HAL_GPIO_WritePin
 .text.HAL_GPIO_TogglePin
                0x0800166e        0x8 Drivers\STM32F4xx_HAL_Driver\Src\stm32f4xx_hal_gpio.o
                0x0800166e                HAL_GPIO_TogglePin
 *fill*         0x08001676        0x2 
 .text.HAL_RCC_ClockConfig
                0x08001678      0x134 Drivers\STM32F4xx_HAL_Driver\Src\stm32f4xx_hal_rcc.o
                0x08001678                HAL_RCC_ClockConfig
 .text.HAL_RCC_GetPCLK1Freq
                0x080017ac       0x20 Drivers\STM32F4xx_HAL_Driver\Src\stm32f4xx_hal_rcc.o
                0x080017ac                HAL_RCC_GetPCLK1Freq
 .text.HAL_RCC_GetPCLK2Freq
                0x080017cc       0x20 Drivers\STM32F4xx_HAL_Driver\Src\stm32f4xx_hal_rcc.o
                0x080017cc                HAL_RCC_GetPCLK2Freq
 .text.HAL_RCCEx_PeriphCLKConfig
                0x080017ec      0x410 Drivers\STM32F4xx_HAL_Driver\Src\stm32f4xx_hal_rcc_ex.o
                0x080017ec                HAL_RCCEx_PeriphCLKConfig
 .text.HAL_RCC_GetSysClockFreq
                0x08001bfc       0x90 Drivers\STM32F4xx_HAL_Driver\Src\stm32f4xx_hal_rcc_ex.o
                0x08001bfc                HAL_RCC_GetSysClockFreq
 .text.HAL_RCC_OscConfig
                0x08001c8c      0x334 Drivers\STM32F4xx_HAL_Driver\Src\stm32f4xx_hal_rcc_ex.o
                0x08001c8c                HAL_RCC_OscConfig
 .text.SD_FindSCR
                0x08001fc0       0xca Drivers\STM32F4xx_HAL_Driver\Src\stm32f4xx_hal_sd.o
 .text.HAL_SD_ReadBlocks
                0x0800208a      0x1ba Drivers\STM32F4xx_HAL_Driver\Src\stm32f4xx_hal_sd.o
                0x0800208a                HAL_SD_ReadBlocks
 .text.HAL_SD_WriteBlocks
                0x08002244      0x172 Drivers\STM32F4xx_HAL_Driver\Src\stm32f4xx_hal_sd.o
                0x08002244                HAL_SD_WriteBlocks
 .text.HAL_SD_GetCardCSD
                0x080023b6      0x1be Drivers\STM32F4xx_HAL_Driver\Src\stm32f4xx_hal_sd.o
                0x080023b6                HAL_SD_GetCardCSD
 .text.HAL_SD_InitCard
                0x08002574      0x1dc Drivers\STM32F4xx_HAL_Driver\Src\stm32f4xx_hal_sd.o
                0x08002574                HAL_SD_InitCard
 .text.HAL_SD_Init
                0x08002750       0x34 Drivers\STM32F4xx_HAL_Driver\Src\stm32f4xx_hal_sd.o
                0x08002750                HAL_SD_Init
 .text.HAL_SD_GetCardInfo
                0x08002784       0x24 Drivers\STM32F4xx_HAL_Driver\Src\stm32f4xx_hal_sd.o
                0x08002784                HAL_SD_GetCardInfo
 .text.HAL_SD_ConfigWideBusOperation
                0x080027a8      0x108 Drivers\STM32F4xx_HAL_Driver\Src\stm32f4xx_hal_sd.o
                0x080027a8                HAL_SD_ConfigWideBusOperation
 .text.HAL_SD_GetCardState
                0x080028b0       0x28 Drivers\STM32F4xx_HAL_Driver\Src\stm32f4xx_hal_sd.o
                0x080028b0                HAL_SD_GetCardState
 .text.HAL_SDRAM_Init
                0x080028d8       0x40 Drivers\STM32F4xx_HAL_Driver\Src\stm32f4xx_hal_sdram.o
                0x080028d8                HAL_SDRAM_Init
 .text.HAL_TIM_Base_Start
                0x08002918       0x1a Drivers\STM32F4xx_HAL_Driver\Src\stm32f4xx_hal_tim.o
                0x08002918                HAL_TIM_Base_Start
 .text.HAL_TIM_Base_Start_IT
                0x08002932       0x16 Drivers\STM32F4xx_HAL_Driver\Src\stm32f4xx_hal_tim.o
                0x08002932                HAL_TIM_Base_Start_IT
 .text.HAL_TIM_ConfigClockSource
                0x08002948      0x172 Drivers\STM32F4xx_HAL_Driver\Src\stm32f4xx_hal_tim.o
                0x08002948                HAL_TIM_ConfigClockSource
 .text.HAL_TIM_OC_DelayElapsedCallback
                0x08002aba        0x2 Drivers\STM32F4xx_HAL_Driver\Src\stm32f4xx_hal_tim.o
                0x08002aba                HAL_TIM_OC_DelayElapsedCallback
 .text.HAL_TIM_IC_CaptureCallback
                0x08002abc        0x2 Drivers\STM32F4xx_HAL_Driver\Src\stm32f4xx_hal_tim.o
                0x08002abc                HAL_TIM_IC_CaptureCallback
 .text.HAL_TIM_PWM_PulseFinishedCallback
                0x08002abe        0x2 Drivers\STM32F4xx_HAL_Driver\Src\stm32f4xx_hal_tim.o
                0x08002abe                HAL_TIM_PWM_PulseFinishedCallback
 .text.HAL_TIM_TriggerCallback
                0x08002ac0        0x2 Drivers\STM32F4xx_HAL_Driver\Src\stm32f4xx_hal_tim.o
                0x08002ac0                HAL_TIM_TriggerCallback
 .text.HAL_TIM_IRQHandler
                0x08002ac2      0x144 Drivers\STM32F4xx_HAL_Driver\Src\stm32f4xx_hal_tim.o
                0x08002ac2                HAL_TIM_IRQHandler
 *fill*         0x08002c06        0x2 
 .text.TIM_Base_SetConfig
                0x08002c08       0xc8 Drivers\STM32F4xx_HAL_Driver\Src\stm32f4xx_hal_tim.o
                0x08002c08                TIM_Base_SetConfig
 .text.HAL_TIM_Base_Init
                0x08002cd0       0x34 Drivers\STM32F4xx_HAL_Driver\Src\stm32f4xx_hal_tim.o
                0x08002cd0                HAL_TIM_Base_Init
 .text.HAL_TIMEx_MasterConfigSynchronization
                0x08002d04       0x44 Drivers\STM32F4xx_HAL_Driver\Src\stm32f4xx_hal_tim_ex.o
                0x08002d04                HAL_TIMEx_MasterConfigSynchronization
 .text.HAL_TIMEx_CommutationCallback
                0x08002d48        0x2 Drivers\STM32F4xx_HAL_Driver\Src\stm32f4xx_hal_tim_ex.o
                0x08002d48                HAL_TIMEx_CommutationCallback
 .text.HAL_TIMEx_BreakCallback
                0x08002d4a        0x2 Drivers\STM32F4xx_HAL_Driver\Src\stm32f4xx_hal_tim_ex.o
                0x08002d4a                HAL_TIMEx_BreakCallback
 .text.UART_EndRxTransfer
                0x08002d4c       0x1a Drivers\STM32F4xx_HAL_Driver\Src\stm32f4xx_hal_uart.o
 *fill*         0x08002d66        0x2 
 .text.UART_SetConfig
                0x08002d68      0x234 Drivers\STM32F4xx_HAL_Driver\Src\stm32f4xx_hal_uart.o
 .text.HAL_UART_Init
                0x08002f9c       0x5c Drivers\STM32F4xx_HAL_Driver\Src\stm32f4xx_hal_uart.o
                0x08002f9c                HAL_UART_Init
 .text.HAL_UART_Transmit_IT
                0x08002ff8       0x3e Drivers\STM32F4xx_HAL_Driver\Src\stm32f4xx_hal_uart.o
                0x08002ff8                HAL_UART_Transmit_IT
 .text.HAL_UART_TxCpltCallback
                0x08003036        0x2 Drivers\STM32F4xx_HAL_Driver\Src\stm32f4xx_hal_uart.o
                0x08003036                HAL_UART_TxCpltCallback
 .text.HAL_UART_RxCpltCallback
                0x08003038        0x2 Drivers\STM32F4xx_HAL_Driver\Src\stm32f4xx_hal_uart.o
                0x08003038                HAL_UART_RxCpltCallback
 .text.UART_Receive_IT
                0x0800303a       0x74 Drivers\STM32F4xx_HAL_Driver\Src\stm32f4xx_hal_uart.o
 .text.HAL_UART_ErrorCallback
                0x080030ae        0x2 Drivers\STM32F4xx_HAL_Driver\Src\stm32f4xx_hal_uart.o
                0x080030ae                HAL_UART_ErrorCallback
 .text.HAL_UART_IRQHandler
                0x080030b0      0x140 Drivers\STM32F4xx_HAL_Driver\Src\stm32f4xx_hal_uart.o
                0x080030b0                HAL_UART_IRQHandler
 .text.UART_DMAAbortOnError
                0x080031f0       0x10 Drivers\STM32F4xx_HAL_Driver\Src\stm32f4xx_hal_uart.o
 .text.FMC_SDRAM_Init
                0x08003200       0x7e Drivers\STM32F4xx_HAL_Driver\Src\stm32f4xx_ll_fmc.o
                0x08003200                FMC_SDRAM_Init
 .text.FMC_SDRAM_Timing_Init
                0x0800327e       0x90 Drivers\STM32F4xx_HAL_Driver\Src\stm32f4xx_ll_fmc.o
                0x0800327e                FMC_SDRAM_Timing_Init
 *fill*         0x0800330e        0x2 
 .text.SDMMC_GetCmdResp2
                0x08003310       0x4c Drivers\STM32F4xx_HAL_Driver\Src\stm32f4xx_ll_sdmmc.o
 .text.SDMMC_GetCmdResp3
                0x0800335c       0x40 Drivers\STM32F4xx_HAL_Driver\Src\stm32f4xx_ll_sdmmc.o
 .text.SDIO_Init
                0x0800339c       0x38 Drivers\STM32F4xx_HAL_Driver\Src\stm32f4xx_ll_sdmmc.o
                0x0800339c                SDIO_Init
 .text.SDIO_ReadFIFO
                0x080033d4        0x6 Drivers\STM32F4xx_HAL_Driver\Src\stm32f4xx_ll_sdmmc.o
                0x080033d4                SDIO_ReadFIFO
 .text.SDIO_WriteFIFO
                0x080033da        0xa Drivers\STM32F4xx_HAL_Driver\Src\stm32f4xx_ll_sdmmc.o
                0x080033da                SDIO_WriteFIFO
 .text.SDIO_PowerState_ON
                0x080033e4        0x8 Drivers\STM32F4xx_HAL_Driver\Src\stm32f4xx_ll_sdmmc.o
                0x080033e4                SDIO_PowerState_ON
 .text.SDIO_GetPowerState
                0x080033ec        0x8 Drivers\STM32F4xx_HAL_Driver\Src\stm32f4xx_ll_sdmmc.o
                0x080033ec                SDIO_GetPowerState
 .text.SDIO_SendCommand
                0x080033f4       0x26 Drivers\STM32F4xx_HAL_Driver\Src\stm32f4xx_ll_sdmmc.o
                0x080033f4                SDIO_SendCommand
 .text.SDIO_GetResponse
                0x0800341a       0x14 Drivers\STM32F4xx_HAL_Driver\Src\stm32f4xx_ll_sdmmc.o
                0x0800341a                SDIO_GetResponse
 *fill*         0x0800342e        0x2 
 .text.SDMMC_GetCmdResp1
                0x08003430      0x120 Drivers\STM32F4xx_HAL_Driver\Src\stm32f4xx_ll_sdmmc.o
 .text.SDIO_ConfigData
                0x08003550       0x26 Drivers\STM32F4xx_HAL_Driver\Src\stm32f4xx_ll_sdmmc.o
                0x08003550                SDIO_ConfigData
 .text.SDMMC_CmdBlockLength
                0x08003576       0x30 Drivers\STM32F4xx_HAL_Driver\Src\stm32f4xx_ll_sdmmc.o
                0x08003576                SDMMC_CmdBlockLength
 .text.SDMMC_CmdReadSingleBlock
                0x080035a6       0x30 Drivers\STM32F4xx_HAL_Driver\Src\stm32f4xx_ll_sdmmc.o
                0x080035a6                SDMMC_CmdReadSingleBlock
 .text.SDMMC_CmdReadMultiBlock
                0x080035d6       0x30 Drivers\STM32F4xx_HAL_Driver\Src\stm32f4xx_ll_sdmmc.o
                0x080035d6                SDMMC_CmdReadMultiBlock
 .text.SDMMC_CmdWriteSingleBlock
                0x08003606       0x30 Drivers\STM32F4xx_HAL_Driver\Src\stm32f4xx_ll_sdmmc.o
                0x08003606                SDMMC_CmdWriteSingleBlock
 .text.SDMMC_CmdWriteMultiBlock
                0x08003636       0x30 Drivers\STM32F4xx_HAL_Driver\Src\stm32f4xx_ll_sdmmc.o
                0x08003636                SDMMC_CmdWriteMultiBlock
 *fill*         0x08003666        0x2 
 .text.SDMMC_CmdStopTransfer
                0x08003668       0x34 Drivers\STM32F4xx_HAL_Driver\Src\stm32f4xx_ll_sdmmc.o
                0x08003668                SDMMC_CmdStopTransfer
 .text.SDMMC_CmdSelDesel
                0x0800369c       0x30 Drivers\STM32F4xx_HAL_Driver\Src\stm32f4xx_ll_sdmmc.o
                0x0800369c                SDMMC_CmdSelDesel
 .text.SDMMC_CmdGoIdleState
                0x080036cc       0x50 Drivers\STM32F4xx_HAL_Driver\Src\stm32f4xx_ll_sdmmc.o
                0x080036cc                SDMMC_CmdGoIdleState
 .text.SDMMC_CmdOperCond
                0x0800371c       0x70 Drivers\STM32F4xx_HAL_Driver\Src\stm32f4xx_ll_sdmmc.o
                0x0800371c                SDMMC_CmdOperCond
 .text.SDMMC_CmdAppCommand
                0x0800378c       0x30 Drivers\STM32F4xx_HAL_Driver\Src\stm32f4xx_ll_sdmmc.o
                0x0800378c                SDMMC_CmdAppCommand
 .text.SDMMC_CmdAppOperCommand
                0x080037bc       0x32 Drivers\STM32F4xx_HAL_Driver\Src\stm32f4xx_ll_sdmmc.o
                0x080037bc                SDMMC_CmdAppOperCommand
 .text.SDMMC_CmdSendSCR
                0x080037ee       0x30 Drivers\STM32F4xx_HAL_Driver\Src\stm32f4xx_ll_sdmmc.o
                0x080037ee                SDMMC_CmdSendSCR
 .text.SDMMC_CmdSendCID
                0x0800381e       0x2a Drivers\STM32F4xx_HAL_Driver\Src\stm32f4xx_ll_sdmmc.o
                0x0800381e                SDMMC_CmdSendCID
 .text.SDMMC_CmdSendCSD
                0x08003848       0x2a Drivers\STM32F4xx_HAL_Driver\Src\stm32f4xx_ll_sdmmc.o
                0x08003848                SDMMC_CmdSendCSD
 *fill*         0x08003872        0x2 
 .text.SDMMC_CmdSetRelAdd
                0x08003874       0xa8 Drivers\STM32F4xx_HAL_Driver\Src\stm32f4xx_ll_sdmmc.o
                0x08003874                SDMMC_CmdSetRelAdd
 .text.SDMMC_CmdSendStatus
                0x0800391c       0x30 Drivers\STM32F4xx_HAL_Driver\Src\stm32f4xx_ll_sdmmc.o
                0x0800391c                SDMMC_CmdSendStatus
 .text.SDMMC_CmdSwitch
                0x0800394c       0x30 Drivers\STM32F4xx_HAL_Driver\Src\stm32f4xx_ll_sdmmc.o
                0x0800394c                SDMMC_CmdSwitch
 .text.SDMMC_CmdBusWidth
                0x0800397c        0x4 Drivers\STM32F4xx_HAL_Driver\Src\stm32f4xx_ll_sdmmc.o
                0x0800397c                SDMMC_CmdBusWidth
 .text.disk_status
                0x08003980       0x14 Middlewares\Third_Party\FatFs\src\diskio.o
                0x08003980                disk_status
 .text.disk_initialize
                0x08003994       0x20 Middlewares\Third_Party\FatFs\src\diskio.o
                0x08003994                disk_initialize
 .text.disk_read
                0x080039b4       0x1c Middlewares\Third_Party\FatFs\src\diskio.o
                0x080039b4                disk_read
 .text.disk_write
                0x080039d0       0x1c Middlewares\Third_Party\FatFs\src\diskio.o
                0x080039d0                disk_write
 .text.disk_ioctl
                0x080039ec       0x1c Middlewares\Third_Party\FatFs\src\diskio.o
                0x080039ec                disk_ioctl
 .text.ld_dword
                0x08003a08       0x10 Middlewares\Third_Party\FatFs\src\ff.o
 .text.st_dword
                0x08003a18       0x10 Middlewares\Third_Party\FatFs\src\ff.o
 .text.mem_set  0x08003a28        0xc Middlewares\Third_Party\FatFs\src\ff.o
 .text.chk_lock
                0x08003a34       0x5c Middlewares\Third_Party\FatFs\src\ff.o
 .text.inc_lock
                0x08003a90       0x78 Middlewares\Third_Party\FatFs\src\ff.o
 .text.dec_lock
                0x08003b08       0x30 Middlewares\Third_Party\FatFs\src\ff.o
 .text.clust2sect
                0x08003b38       0x16 Middlewares\Third_Party\FatFs\src\ff.o
 .text.clmt_clust
                0x08003b4e       0x28 Middlewares\Third_Party\FatFs\src\ff.o
 .text.sum_sfn  0x08003b76       0x1e Middlewares\Third_Party\FatFs\src\ff.o
 .text.get_ldnumber
                0x08003b94       0x30 Middlewares\Third_Party\FatFs\src\ff.o
 .text.validate
                0x08003bc4       0x36 Middlewares\Third_Party\FatFs\src\ff.o
 .text.mem_cpy.part.0
                0x08003bfa       0x12 Middlewares\Third_Party\FatFs\src\ff.o
 .text.ld_clust.isra.1
                0x08003c0c       0x1c Middlewares\Third_Party\FatFs\src\ff.o
 .text.st_clust.isra.2
                0x08003c28       0x18 Middlewares\Third_Party\FatFs\src\ff.o
 .text.sync_window.part.3
                0x08003c40       0x46 Middlewares\Third_Party\FatFs\src\ff.o
 .text.sync_window
                0x08003c86        0xc Middlewares\Third_Party\FatFs\src\ff.o
 .text.sync_fs  0x08003c92       0x94 Middlewares\Third_Party\FatFs\src\ff.o
 .text.move_window
                0x08003d26       0x36 Middlewares\Third_Party\FatFs\src\ff.o
 .text.check_fs
                0x08003d5c       0x80 Middlewares\Third_Party\FatFs\src\ff.o
 .text.find_volume
                0x08003ddc      0x2f8 Middlewares\Third_Party\FatFs\src\ff.o
 .text.put_fat  0x080040d4      0x128 Middlewares\Third_Party\FatFs\src\ff.o
 .text.get_fat.isra.7
                0x080041fc       0xe0 Middlewares\Third_Party\FatFs\src\ff.o
 .text.dir_sdi  0x080042dc       0x8a Middlewares\Third_Party\FatFs\src\ff.o
 .text.create_chain
                0x08004366       0xb0 Middlewares\Third_Party\FatFs\src\ff.o
 .text.remove_chain
                0x08004416       0x6c Middlewares\Third_Party\FatFs\src\ff.o
 .text.dir_next
                0x08004482      0x100 Middlewares\Third_Party\FatFs\src\ff.o
 *fill*         0x08004582        0x2 
 .text.dir_find
                0x08004584      0x16c Middlewares\Third_Party\FatFs\src\ff.o
 .text.dir_register
                0x080046f0      0x26c Middlewares\Third_Party\FatFs\src\ff.o
 .text.follow_path
                0x0800495c      0x27c Middlewares\Third_Party\FatFs\src\ff.o
 .text.f_mount  0x08004bd8       0x68 Middlewares\Third_Party\FatFs\src\ff.o
                0x08004bd8                f_mount
 .text.f_open   0x08004c40      0x250 Middlewares\Third_Party\FatFs\src\ff.o
                0x08004c40                f_open
 .text.f_read   0x08004e90      0x17e Middlewares\Third_Party\FatFs\src\ff.o
                0x08004e90                f_read
 .text.f_write  0x0800500e      0x1ac Middlewares\Third_Party\FatFs\src\ff.o
                0x0800500e                f_write
 .text.f_sync   0x080051ba       0x90 Middlewares\Third_Party\FatFs\src\ff.o
                0x080051ba                f_sync
 .text.f_close  0x0800524a       0x22 Middlewares\Third_Party\FatFs\src\ff.o
                0x0800524a                f_close
 .text.FATFS_LinkDriverEx
                0x0800526c       0x44 Middlewares\Third_Party\FatFs\src\ff_gen_drv.o
                0x0800526c                FATFS_LinkDriverEx
 .text.FATFS_LinkDriver
                0x080052b0        0x6 Middlewares\Third_Party\FatFs\src\ff_gen_drv.o
                0x080052b0                FATFS_LinkDriver
 *fill*         0x080052b6        0x2 
 .text.ff_convert
                0x080052b8       0x3c Middlewares\Third_Party\FatFs\src\option\ccsbcs.o
                0x080052b8                ff_convert
 .text.ff_wtoupper
                0x080052f4       0x84 Middlewares\Third_Party\FatFs\src\option\ccsbcs.o
                0x080052f4                ff_wtoupper
 .text.ff_memalloc
                0x08005378        0x4 Middlewares\Third_Party\FatFs\src\option\syscall.o
                0x08005378                ff_memalloc
 .text.ff_memfree
                0x0800537c        0x4 Middlewares\Third_Party\FatFs\src\option\syscall.o
                0x0800537c                ff_memfree
 .text.BT_SHORT_Event
                0x08005380       0x70 Src\EMbed_GPIO_General.o
                0x08005380                BT_SHORT_Event
 .text.BT_LONG_Event_test
                0x080053f0       0x24 Src\EMbed_GPIO_General.o
                0x080053f0                BT_LONG_Event_test
 .text.GPIO_BT_READ
                0x08005414       0x84 Src\EMbed_GPIO_General.o
                0x08005414                GPIO_BT_READ
 .text.BT_TICK_FUNC
                0x08005498       0x10 Src\EMbed_GPIO_General.o
                0x08005498                BT_TICK_FUNC
 .text.WaveFile_Hdr_Var_Init
                0x080054a8       0x2c Src\WaveHeader.o
                0x080054a8                WaveFile_Hdr_Var_Init
 .text.WaveFile_HDR_Read
                0x080054d4      0x100 Src\WaveHeader.o
                0x080054d4                WaveFile_HDR_Read
 *fill*         0x080055d4        0x4 
 .text.SinWave  0x080055d8       0xc8 Src\WaveHeader.o
                0x080055d8                SinWave
 .text.BSP_SD_ReadBlocks
                0x080056a0       0x20 Src\bsp_driver_sd.o
                0x080056a0                BSP_SD_ReadBlocks
 .text.BSP_SD_WriteBlocks
                0x080056c0       0x20 Src\bsp_driver_sd.o
                0x080056c0                BSP_SD_WriteBlocks
 .text.BSP_SD_GetCardState
                0x080056e0       0x14 Src\bsp_driver_sd.o
                0x080056e0                BSP_SD_GetCardState
 .text.BSP_SD_GetCardInfo
                0x080056f4        0xc Src\bsp_driver_sd.o
                0x080056f4                BSP_SD_GetCardInfo
 .text.BSP_SD_IsDetected
                0x08005700       0x1c Src\bsp_driver_sd.o
                0x08005700                BSP_SD_IsDetected
 .text.BSP_SD_Init
                0x0800571c       0x2c Src\bsp_driver_sd.o
                0x0800571c                BSP_SD_Init
 .text.MX_FATFS_Init
                0x08005748       0x1c Src\fatfs.o
                0x08005748                MX_FATFS_Init
 .text.get_fattime
                0x08005764        0x4 Src\fatfs.o
                0x08005764                get_fattime
 .text.BSP_PlatformIsDetected
                0x08005768       0x18 Src\fatfs_platform.o
                0x08005768                BSP_PlatformIsDetected
 .text.HAL_TIM_PeriodElapsedCallback
                0x08005780       0x40 Src\main.o
                0x08005780                HAL_TIM_PeriodElapsedCallback
 .text.SystemClock_Config
                0x080057c0       0xb4 Src\main.o
                0x080057c0                SystemClock_Config
 .text.startup.main
                0x08005874      0x2d8 Src\main.o
                0x08005874                main
 .text.Error_Handler
                0x08005b4c        0x2 Src\main.o
                0x08005b4c                Error_Handler
 *fill*         0x08005b4e        0x2 
 .text.SD_CheckStatus.isra.0
                0x08005b50       0x20 Src\sd_diskio.o
 .text.SD_initialize
                0x08005b70       0x1c Src\sd_diskio.o
                0x08005b70                SD_initialize
 .text.SD_status
                0x08005b8c        0x4 Src\sd_diskio.o
                0x08005b8c                SD_status
 .text.SD_read  0x08005b90       0x20 Src\sd_diskio.o
                0x08005b90                SD_read
 .text.SD_ioctl
                0x08005bb0       0x50 Src\sd_diskio.o
                0x08005bb0                SD_ioctl
 .text.SD_write
                0x08005c00       0x20 Src\sd_diskio.o
                0x08005c00                SD_write
 .text.sd_FileWrite
                0x08005c20       0x78 Src\sd_user_code.o
                0x08005c20                sd_FileWrite
 .text.sd_FileRead
                0x08005c98       0x78 Src\sd_user_code.o
                0x08005c98                sd_FileRead
 .text.HAL_MspInit
                0x08005d10       0x38 Src\stm32f4xx_hal_msp.o
                0x08005d10                HAL_MspInit
 .text.HAL_DAC_MspInit
                0x08005d48       0xa0 Src\stm32f4xx_hal_msp.o
                0x08005d48                HAL_DAC_MspInit
 .text.HAL_SD_MspInit
                0x08005de8       0xc8 Src\stm32f4xx_hal_msp.o
                0x08005de8                HAL_SD_MspInit
 .text.HAL_TIM_Base_MspInit
                0x08005eb0       0x64 Src\stm32f4xx_hal_msp.o
                0x08005eb0                HAL_TIM_Base_MspInit
 .text.HAL_UART_MspInit
                0x08005f14       0x80 Src\stm32f4xx_hal_msp.o
                0x08005f14                HAL_UART_MspInit
 .text.HAL_SDRAM_MspInit
                0x08005f94       0xd8 Src\stm32f4xx_hal_msp.o
                0x08005f94                HAL_SDRAM_MspInit
 .text.NMI_Handler
                0x0800606c        0x2 Src\stm32f4xx_it.o
                0x0800606c                NMI_Handler
 *fill*         0x0800606e        0x2 
 .text.HardFault_Handler
                0x08006070       0x14 Src\stm32f4xx_it.o
                0x08006070                HardFault_Handler
 .text.MemManage_Handler
                0x08006084        0x2 Src\stm32f4xx_it.o
                0x08006084                MemManage_Handler
 .text.BusFault_Handler
                0x08006086        0x2 Src\stm32f4xx_it.o
                0x08006086                BusFault_Handler
 .text.UsageFault_Handler
                0x08006088        0x2 Src\stm32f4xx_it.o
                0x08006088                UsageFault_Handler
 .text.SVC_Handler
                0x0800608a        0x2 Src\stm32f4xx_it.o
                0x0800608a                SVC_Handler
 .text.DebugMon_Handler
                0x0800608c        0x2 Src\stm32f4xx_it.o
                0x0800608c                DebugMon_Handler
 .text.PendSV_Handler
                0x0800608e        0x2 Src\stm32f4xx_it.o
                0x0800608e                PendSV_Handler
 .text.SysTick_Handler
                0x08006090       0x14 Src\stm32f4xx_it.o
                0x08006090                SysTick_Handler
 .text.DMA1_Stream6_IRQHandler
                0x080060a4        0xc Src\stm32f4xx_it.o
                0x080060a4                DMA1_Stream6_IRQHandler
 .text.TIM4_IRQHandler
                0x080060b0        0xc Src\stm32f4xx_it.o
                0x080060b0                TIM4_IRQHandler
 .text.USART1_IRQHandler
                0x080060bc       0x1c Src\stm32f4xx_it.o
                0x080060bc                USART1_IRQHandler
 .text.SystemInit
                0x080060d8       0x4c Src\system_stm32f4xx.o
                0x080060d8                SystemInit
 .text.GENERAL_UART_IT_Init
                0x08006124       0x14 Src\uart_general.o
                0x08006124                GENERAL_UART_IT_Init
 .text.put_char
                0x08006138       0x10 Src\uart_general.o
                0x08006138                put_char
 .text.put_str  0x08006148       0x16 Src\uart_general.o
                0x08006148                put_str
 *fill*         0x0800615e        0x2 
 .text.GENERAL_UART_IRQHandler
                0x08006160       0xac Src\uart_general.o
                0x08006160                GENERAL_UART_IRQHandler
 .text._USER_HAL_UART_Transmit_IT
                0x0800620c       0x1a Src\uart_general.o
                0x0800620c                _USER_HAL_UART_Transmit_IT
 .text.GENERAL_UART_Variable_Init
                0x08006226        0xa Src\uart_general.o
                0x08006226                GENERAL_UART_Variable_Init
 .text.GENERAL_TX_TEST
                0x08006230       0x30 Src\uart_general.o
                0x08006230                GENERAL_TX_TEST
 .text.Reset_Handler
                0x08006260       0x50 startup\startup_stm32f446xx.o
                0x08006260                Reset_Handler
 .text.Default_Handler
                0x080062b0        0x2 startup\startup_stm32f446xx.o
                0x080062b0                RTC_Alarm_IRQHandler
                0x080062b0                EXTI2_IRQHandler
                0x080062b0                TIM8_CC_IRQHandler
                0x080062b0                SPI4_IRQHandler
                0x080062b0                TIM1_CC_IRQHandler
                0x080062b0                DMA2_Stream5_IRQHandler
                0x080062b0                DMA1_Stream5_IRQHandler
                0x080062b0                PVD_IRQHandler
                0x080062b0                SDIO_IRQHandler
                0x080062b0                TAMP_STAMP_IRQHandler
                0x080062b0                CAN2_RX1_IRQHandler
                0x080062b0                EXTI3_IRQHandler
                0x080062b0                TIM8_TRG_COM_TIM14_IRQHandler
                0x080062b0                TIM1_UP_TIM10_IRQHandler
                0x080062b0                TIM8_UP_TIM13_IRQHandler
                0x080062b0                I2C3_ER_IRQHandler
                0x080062b0                FMPI2C1_Event_IRQHandler
                0x080062b0                EXTI0_IRQHandler
                0x080062b0                I2C2_EV_IRQHandler
                0x080062b0                DMA1_Stream2_IRQHandler
                0x080062b0                CAN1_RX0_IRQHandler
                0x080062b0                FPU_IRQHandler
                0x080062b0                OTG_HS_WKUP_IRQHandler
                0x080062b0                CAN2_SCE_IRQHandler
                0x080062b0                DMA2_Stream2_IRQHandler
                0x080062b0                SPI1_IRQHandler
                0x080062b0                TIM6_DAC_IRQHandler
                0x080062b0                TIM1_BRK_TIM9_IRQHandler
                0x080062b0                DCMI_IRQHandler
                0x080062b0                CAN2_RX0_IRQHandler
                0x080062b0                DMA2_Stream3_IRQHandler
                0x080062b0                SAI2_IRQHandler
                0x080062b0                USART6_IRQHandler
                0x080062b0                USART3_IRQHandler
                0x080062b0                CAN1_RX1_IRQHandler
                0x080062b0                UART5_IRQHandler
                0x080062b0                DMA2_Stream0_IRQHandler
                0x080062b0                QUADSPI_IRQHandler
                0x080062b0                I2C1_EV_IRQHandler
                0x080062b0                DMA1_Stream1_IRQHandler
                0x080062b0                UART4_IRQHandler
                0x080062b0                TIM3_IRQHandler
                0x080062b0                RCC_IRQHandler
                0x080062b0                TIM8_BRK_TIM12_IRQHandler
                0x080062b0                Default_Handler
                0x080062b0                CEC_IRQHandler
                0x080062b0                EXTI15_10_IRQHandler
                0x080062b0                ADC_IRQHandler
                0x080062b0                DMA1_Stream7_IRQHandler
                0x080062b0                TIM7_IRQHandler
                0x080062b0                CAN2_TX_IRQHandler
                0x080062b0                TIM5_IRQHandler
                0x080062b0                DMA2_Stream7_IRQHandler
                0x080062b0                I2C3_EV_IRQHandler
                0x080062b0                EXTI9_5_IRQHandler
                0x080062b0                RTC_WKUP_IRQHandler
                0x080062b0                SPDIF_RX_IRQHandler
                0x080062b0                SPI2_IRQHandler
                0x080062b0                OTG_HS_EP1_IN_IRQHandler
                0x080062b0                DMA1_Stream0_IRQHandler
                0x080062b0                CAN1_TX_IRQHandler
                0x080062b0                EXTI4_IRQHandler
                0x080062b0                OTG_HS_EP1_OUT_IRQHandler
                0x080062b0                WWDG_IRQHandler
                0x080062b0                TIM2_IRQHandler
                0x080062b0                OTG_FS_WKUP_IRQHandler
                0x080062b0                TIM1_TRG_COM_TIM11_IRQHandler
                0x080062b0                OTG_HS_IRQHandler
                0x080062b0                EXTI1_IRQHandler
                0x080062b0                USART2_IRQHandler
                0x080062b0                I2C2_ER_IRQHandler
                0x080062b0                DMA2_Stream1_IRQHandler
                0x080062b0                CAN1_SCE_IRQHandler
                0x080062b0                FLASH_IRQHandler
                0x080062b0                DMA2_Stream4_IRQHandler
                0x080062b0                OTG_FS_IRQHandler
                0x080062b0                SPI3_IRQHandler
                0x080062b0                DMA1_Stream4_IRQHandler
                0x080062b0                I2C1_ER_IRQHandler
                0x080062b0                FMC_IRQHandler
                0x080062b0                DMA2_Stream6_IRQHandler
                0x080062b0                SAI1_IRQHandler
                0x080062b0                DMA1_Stream3_IRQHandler
                0x080062b0                FMPI2C1_Error_IRQHandler
 *fill*         0x080062b2        0x2 
 .text.__libc_init_array
                0x080062b4       0x48 c:/program files (x86)/atollic/truestudio for stm32 9.2.0/armtools/bin/../lib/gcc/arm-atollic-eabi/6.3.1/../../../../arm-atollic-eabi/lib/armv7e-m/fpu\libc_nano.a(lib_a-init.o)
                0x080062b4                __libc_init_array
 .text.malloc   0x080062fc       0x10 c:/program files (x86)/atollic/truestudio for stm32 9.2.0/armtools/bin/../lib/gcc/arm-atollic-eabi/6.3.1/../../../../arm-atollic-eabi/lib/armv7e-m/fpu\libc_nano.a(lib_a-malloc.o)
                0x080062fc                malloc
 .text.free     0x0800630c       0x10 c:/program files (x86)/atollic/truestudio for stm32 9.2.0/armtools/bin/../lib/gcc/arm-atollic-eabi/6.3.1/../../../../arm-atollic-eabi/lib/armv7e-m/fpu\libc_nano.a(lib_a-malloc.o)
                0x0800630c                free
 .text.memcmp   0x0800631c       0x1e c:/program files (x86)/atollic/truestudio for stm32 9.2.0/armtools/bin/../lib/gcc/arm-atollic-eabi/6.3.1/../../../../arm-atollic-eabi/lib/armv7e-m/fpu\libc_nano.a(lib_a-memcmp.o)
                0x0800631c                memcmp
 .text.memset   0x0800633a       0x10 c:/program files (x86)/atollic/truestudio for stm32 9.2.0/armtools/bin/../lib/gcc/arm-atollic-eabi/6.3.1/../../../../arm-atollic-eabi/lib/armv7e-m/fpu\libc_nano.a(lib_a-memset.o)
                0x0800633a                memset
 *fill*         0x0800634a        0x2 
 .text._free_r  0x0800634c       0x9c c:/program files (x86)/atollic/truestudio for stm32 9.2.0/armtools/bin/../lib/gcc/arm-atollic-eabi/6.3.1/../../../../arm-atollic-eabi/lib/armv7e-m/fpu\libc_nano.a(lib_a-nano-freer.o)
                0x0800634c                _free_r
 .text._malloc_r
                0x080063e8       0xbc c:/program files (x86)/atollic/truestudio for stm32 9.2.0/armtools/bin/../lib/gcc/arm-atollic-eabi/6.3.1/../../../../arm-atollic-eabi/lib/armv7e-m/fpu\libc_nano.a(lib_a-nano-mallocr.o)
                0x080063e8                _malloc_r
 .text._sbrk_r  0x080064a4       0x20 c:/program files (x86)/atollic/truestudio for stm32 9.2.0/armtools/bin/../lib/gcc/arm-atollic-eabi/6.3.1/../../../../arm-atollic-eabi/lib/armv7e-m/fpu\libc_nano.a(lib_a-sbrkr.o)
                0x080064a4                _sbrk_r
 .text.sprintf  0x080064c4       0x48 c:/program files (x86)/atollic/truestudio for stm32 9.2.0/armtools/bin/../lib/gcc/arm-atollic-eabi/6.3.1/../../../../arm-atollic-eabi/lib/armv7e-m/fpu\libc_nano.a(lib_a-sprintf.o)
                0x080064c4                siprintf
                0x080064c4                sprintf
 .text.__malloc_lock
                0x0800650c        0x2 c:/program files (x86)/atollic/truestudio for stm32 9.2.0/armtools/bin/../lib/gcc/arm-atollic-eabi/6.3.1/../../../../arm-atollic-eabi/lib/armv7e-m/fpu\libc_nano.a(lib_a-mlock.o)
                0x0800650c                __malloc_lock
 .text.__malloc_unlock
                0x0800650e        0x2 c:/program files (x86)/atollic/truestudio for stm32 9.2.0/armtools/bin/../lib/gcc/arm-atollic-eabi/6.3.1/../../../../arm-atollic-eabi/lib/armv7e-m/fpu\libc_nano.a(lib_a-mlock.o)
                0x0800650e                __malloc_unlock
 .text.__ssputs_r
                0x08006510       0xb6 c:/program files (x86)/atollic/truestudio for stm32 9.2.0/armtools/bin/../lib/gcc/arm-atollic-eabi/6.3.1/../../../../arm-atollic-eabi/lib/armv7e-m/fpu\libc_nano.a(lib_a-nano-svfprintf.o)
                0x08006510                __ssputs_r
 *fill*         0x080065c6        0x2 
 .text._svfprintf_r
                0x080065c8      0x1e8 c:/program files (x86)/atollic/truestudio for stm32 9.2.0/armtools/bin/../lib/gcc/arm-atollic-eabi/6.3.1/../../../../arm-atollic-eabi/lib/armv7e-m/fpu\libc_nano.a(lib_a-nano-svfprintf.o)
                0x080065c8                _svfiprintf_r
                0x080065c8                _svfprintf_r
 .text._printf_common
                0x080067b0       0xec c:/program files (x86)/atollic/truestudio for stm32 9.2.0/armtools/bin/../lib/gcc/arm-atollic-eabi/6.3.1/../../../../arm-atollic-eabi/lib/armv7e-m/fpu\libc_nano.a(lib_a-nano-vfprintf_i.o)
                0x080067b0                _printf_common
 .text._printf_i
                0x0800689c      0x240 c:/program files (x86)/atollic/truestudio for stm32 9.2.0/armtools/bin/../lib/gcc/arm-atollic-eabi/6.3.1/../../../../arm-atollic-eabi/lib/armv7e-m/fpu\libc_nano.a(lib_a-nano-vfprintf_i.o)
                0x0800689c                _printf_i
 .text.memcpy   0x08006adc       0x16 c:/program files (x86)/atollic/truestudio for stm32 9.2.0/armtools/bin/../lib/gcc/arm-atollic-eabi/6.3.1/../../../../arm-atollic-eabi/lib/armv7e-m/fpu\libc_nano.a(lib_a-memcpy-stub.o)
                0x08006adc                memcpy
 .text.memmove  0x08006af2       0x34 c:/program files (x86)/atollic/truestudio for stm32 9.2.0/armtools/bin/../lib/gcc/arm-atollic-eabi/6.3.1/../../../../arm-atollic-eabi/lib/armv7e-m/fpu\libc_nano.a(lib_a-memmove.o)
                0x08006af2                memmove
 .text._realloc_r
                0x08006b26       0x4c c:/program files (x86)/atollic/truestudio for stm32 9.2.0/armtools/bin/../lib/gcc/arm-atollic-eabi/6.3.1/../../../../arm-atollic-eabi/lib/armv7e-m/fpu\libc_nano.a(lib_a-nano-reallocr.o)
                0x08006b26                _realloc_r
 .text._malloc_usable_size_r
                0x08006b72       0x12 c:/program files (x86)/atollic/truestudio for stm32 9.2.0/armtools/bin/../lib/gcc/arm-atollic-eabi/6.3.1/../../../../arm-atollic-eabi/lib/armv7e-m/fpu\libc_nano.a(lib_a-nano-msizer.o)
                0x08006b72                _malloc_usable_size_r
 *fill*         0x08006b84        0x4 
 .text.sin      0x08006b88       0x90 c:/program files (x86)/atollic/truestudio for stm32 9.2.0/armtools/bin/../lib/gcc/arm-atollic-eabi/6.3.1/../../../../arm-atollic-eabi/lib/armv7e-m/fpu\libm.a(lib_a-s_sin.o)
                0x08006b88                sin
 .text.__ieee754_rem_pio2
                0x08006c18      0x3e4 c:/program files (x86)/atollic/truestudio for stm32 9.2.0/armtools/bin/../lib/gcc/arm-atollic-eabi/6.3.1/../../../../arm-atollic-eabi/lib/armv7e-m/fpu\libm.a(lib_a-e_rem_pio2.o)
                0x08006c18                __ieee754_rem_pio2
 *fill*         0x08006ffc        0x4 
 .text.__kernel_cos
                0x08007000      0x1cc c:/program files (x86)/atollic/truestudio for stm32 9.2.0/armtools/bin/../lib/gcc/arm-atollic-eabi/6.3.1/../../../../arm-atollic-eabi/lib/armv7e-m/fpu\libm.a(lib_a-k_cos.o)
                0x08007000                __kernel_cos
 *fill*         0x080071cc        0x4 
 .text.__kernel_rem_pio2
                0x080071d0      0x69c c:/program files (x86)/atollic/truestudio for stm32 9.2.0/armtools/bin/../lib/gcc/arm-atollic-eabi/6.3.1/../../../../arm-atollic-eabi/lib/armv7e-m/fpu\libm.a(lib_a-k_rem_pio2.o)
                0x080071d0                __kernel_rem_pio2
 *fill*         0x0800786c        0x4 
 .text.__kernel_sin
                0x08007870      0x174 c:/program files (x86)/atollic/truestudio for stm32 9.2.0/armtools/bin/../lib/gcc/arm-atollic-eabi/6.3.1/../../../../arm-atollic-eabi/lib/armv7e-m/fpu\libm.a(lib_a-k_sin.o)
                0x08007870                __kernel_sin
 .text.fabs     0x080079e4        0xe c:/program files (x86)/atollic/truestudio for stm32 9.2.0/armtools/bin/../lib/gcc/arm-atollic-eabi/6.3.1/../../../../arm-atollic-eabi/lib/armv7e-m/fpu\libm.a(lib_a-s_fabs.o)
                0x080079e4                fabs
 *fill*         0x080079f2        0x6 
 .text.floor    0x080079f8      0x108 c:/program files (x86)/atollic/truestudio for stm32 9.2.0/armtools/bin/../lib/gcc/arm-atollic-eabi/6.3.1/../../../../arm-atollic-eabi/lib/armv7e-m/fpu\libm.a(lib_a-s_floor.o)
                0x080079f8                floor
 .text.scalbn   0x08007b00       0xf4 c:/program files (x86)/atollic/truestudio for stm32 9.2.0/armtools/bin/../lib/gcc/arm-atollic-eabi/6.3.1/../../../../arm-atollic-eabi/lib/armv7e-m/fpu\libm.a(lib_a-s_scalbn.o)
                0x08007b00                scalbn
 .text.copysign
                0x08007bf4       0x1a c:/program files (x86)/atollic/truestudio for stm32 9.2.0/armtools/bin/../lib/gcc/arm-atollic-eabi/6.3.1/../../../../arm-atollic-eabi/lib/armv7e-m/fpu\libm.a(lib_a-s_copysign.o)
                0x08007bf4                copysign
 *fill*         0x08007c0e        0x2 
 .text._sbrk    0x08007c10       0x1c c:/program files (x86)/atollic/truestudio for stm32 9.2.0/armtools/bin/../lib/gcc/arm-atollic-eabi/6.3.1/../../../../arm-atollic-eabi/lib/armv7e-m/fpu\libnosys.a(sbrk.o)
                0x08007c10                _sbrk
 *(.glue_7)
 .glue_7        0x08007c2c        0x0 linker stubs
 *(.glue_7t)
 .glue_7t       0x08007c2c        0x0 linker stubs
 *(.eh_frame)
 .eh_frame      0x08007c2c        0x0 c:/program files (x86)/atollic/truestudio for stm32 9.2.0/armtools/bin/../lib/gcc/arm-atollic-eabi/6.3.1/armv7e-m/fpu/crtbegin.o
 *(.init)
 .init          0x08007c2c        0x4 c:/program files (x86)/atollic/truestudio for stm32 9.2.0/armtools/bin/../lib/gcc/arm-atollic-eabi/6.3.1/armv7e-m/fpu/crti.o
                0x08007c2c                _init
 .init          0x08007c30        0x8 c:/program files (x86)/atollic/truestudio for stm32 9.2.0/armtools/bin/../lib/gcc/arm-atollic-eabi/6.3.1/armv7e-m/fpu/crtn.o
 *(.fini)
 .fini          0x08007c38        0x4 c:/program files (x86)/atollic/truestudio for stm32 9.2.0/armtools/bin/../lib/gcc/arm-atollic-eabi/6.3.1/armv7e-m/fpu/crti.o
                0x08007c38                _fini
 .fini          0x08007c3c        0x8 c:/program files (x86)/atollic/truestudio for stm32 9.2.0/armtools/bin/../lib/gcc/arm-atollic-eabi/6.3.1/armv7e-m/fpu/crtn.o
                0x08007c44                . = ALIGN (0x4)
                0x08007c44                _etext = .

.vfp11_veneer   0x08007c44        0x0
 .vfp11_veneer  0x08007c44        0x0 linker stubs

.v4_bx          0x08007c44        0x0
 .v4_bx         0x08007c44        0x0 linker stubs

.iplt           0x08007c44        0x0
 .iplt          0x08007c44        0x0 c:/program files (x86)/atollic/truestudio for stm32 9.2.0/armtools/bin/../lib/gcc/arm-atollic-eabi/6.3.1/armv7e-m/fpu/crtbegin.o

.rodata         0x08007c48      0x768
                0x08007c48                . = ALIGN (0x4)
 *(.rodata)
 *(.rodata*)
 .rodata.flagBitshiftOffset.9531
                0x08007c48        0x8 Drivers\STM32F4xx_HAL_Driver\Src\stm32f4xx_hal_dma.o
 .rodata.ExCvt  0x08007c50       0x80 Middlewares\Third_Party\FatFs\src\ff.o
 .rodata.LfnOfs
                0x08007cd0        0xd Middlewares\Third_Party\FatFs\src\ff.o
 .rodata.follow_path.str1.1
                0x08007cdd       0x10 Middlewares\Third_Party\FatFs\src\ff.o
 *fill*         0x08007ced        0x1 
 .rodata.Tbl    0x08007cee      0x100 Middlewares\Third_Party\FatFs\src\option\ccsbcs.o
 .rodata.cvt1.10099
                0x08007dee      0x1f2 Middlewares\Third_Party\FatFs\src\option\ccsbcs.o
 .rodata.cvt2.10100
                0x08007fe0       0xbc Middlewares\Third_Party\FatFs\src\option\ccsbcs.o
 .rodata.SinWave.str1.1
                0x0800809c        0x5 Src\WaveHeader.o
 .rodata.WaveFile_HDR_Read.str1.1
                0x080080a1       0x99 Src\WaveHeader.o
 .rodata.WaveFile_Hdr_Var_Init.str1.1
                0x0800813a       0x14 Src\WaveHeader.o
 *fill*         0x0800814e        0x2 
 .rodata.SD_Driver
                0x08008150       0x14 Src\sd_diskio.o
                0x08008150                SD_Driver
 .rodata.HardFault_Handler.str1.1
                0x08008164        0xa Src\stm32f4xx_it.o
 .rodata.AHBPrescTable
                0x0800816e       0x10 Src\system_stm32f4xx.o
                0x0800816e                AHBPrescTable
 .rodata.APBPrescTable
                0x0800817e        0x8 Src\system_stm32f4xx.o
                0x0800817e                APBPrescTable
 .rodata.GENERAL_TX_TEST.str1.1
                0x08008186       0x1a Src\uart_general.o
 .rodata._svfprintf_r.str1.1
                0x080081a0       0x11 c:/program files (x86)/atollic/truestudio for stm32 9.2.0/armtools/bin/../lib/gcc/arm-atollic-eabi/6.3.1/../../../../arm-atollic-eabi/lib/armv7e-m/fpu\libc_nano.a(lib_a-nano-svfprintf.o)
 .rodata._printf_i.str1.1
                0x080081b1       0x22 c:/program files (x86)/atollic/truestudio for stm32 9.2.0/armtools/bin/../lib/gcc/arm-atollic-eabi/6.3.1/../../../../arm-atollic-eabi/lib/armv7e-m/fpu\libc_nano.a(lib_a-nano-vfprintf_i.o)
 *fill*         0x080081d3        0x1 
 .rodata.npio2_hw
                0x080081d4       0x80 c:/program files (x86)/atollic/truestudio for stm32 9.2.0/armtools/bin/../lib/gcc/arm-atollic-eabi/6.3.1/../../../../arm-atollic-eabi/lib/armv7e-m/fpu\libm.a(lib_a-e_rem_pio2.o)
 .rodata.two_over_pi
                0x08008254      0x108 c:/program files (x86)/atollic/truestudio for stm32 9.2.0/armtools/bin/../lib/gcc/arm-atollic-eabi/6.3.1/../../../../arm-atollic-eabi/lib/armv7e-m/fpu\libm.a(lib_a-e_rem_pio2.o)
 *fill*         0x0800835c        0x4 
 .rodata.PIo2   0x08008360       0x40 c:/program files (x86)/atollic/truestudio for stm32 9.2.0/armtools/bin/../lib/gcc/arm-atollic-eabi/6.3.1/../../../../arm-atollic-eabi/lib/armv7e-m/fpu\libm.a(lib_a-k_rem_pio2.o)
 .rodata.init_jk
                0x080083a0       0x10 c:/program files (x86)/atollic/truestudio for stm32 9.2.0/armtools/bin/../lib/gcc/arm-atollic-eabi/6.3.1/../../../../arm-atollic-eabi/lib/armv7e-m/fpu\libm.a(lib_a-k_rem_pio2.o)
                0x080083b0                . = ALIGN (0x4)

.ARM.extab
 *(.ARM.extab* .gnu.linkonce.armextab.*)

.ARM            0x080083b0        0x8
                0x080083b0                __exidx_start = .
 *(.ARM.exidx*)
 .ARM.exidx     0x080083b0        0x8 c:/program files (x86)/atollic/truestudio for stm32 9.2.0/armtools/bin/../lib/gcc/arm-atollic-eabi/6.3.1/armv7e-m/fpu\libgcc.a(_udivmoddi4.o)
                0x080083b8                __exidx_end = .

.rel.dyn        0x080083b8        0x0
 .rel.iplt      0x080083b8        0x0 c:/program files (x86)/atollic/truestudio for stm32 9.2.0/armtools/bin/../lib/gcc/arm-atollic-eabi/6.3.1/armv7e-m/fpu/crtbegin.o

.preinit_array  0x080083b8        0x0
                0x080083b8                PROVIDE (__preinit_array_start, .)
 *(.preinit_array*)
                0x080083b8                PROVIDE (__preinit_array_end, .)

.init_array     0x080083b8        0x4
                0x080083b8                PROVIDE (__init_array_start, .)
 *(SORT(.init_array.*))
 *(.init_array*)
 .init_array    0x080083b8        0x4 c:/program files (x86)/atollic/truestudio for stm32 9.2.0/armtools/bin/../lib/gcc/arm-atollic-eabi/6.3.1/armv7e-m/fpu/crtbegin.o
                0x080083bc                PROVIDE (__init_array_end, .)

.fini_array     0x080083bc        0x4
                [!provide]                PROVIDE (__fini_array_start, .)
 *(SORT(.fini_array.*))
 *(.fini_array*)
 .fini_array    0x080083bc        0x4 c:/program files (x86)/atollic/truestudio for stm32 9.2.0/armtools/bin/../lib/gcc/arm-atollic-eabi/6.3.1/armv7e-m/fpu/crtbegin.o
                [!provide]                PROVIDE (__fini_array_end, .)
                0x080083c0                _sidata = LOADADDR (.data)

.data           0x20000000       0xd8 load address 0x080083c0
                0x20000000                . = ALIGN (0x4)
                0x20000000                _sdata = .
 *(.data)
 *(.data*)
 .data.uwTickFreq
                0x20000000        0x1 Drivers\STM32F4xx_HAL_Driver\Src\stm32f4xx_hal.o
                0x20000000                uwTickFreq
 *fill*         0x20000001        0x3 
 .data.uwTickPrio
                0x20000004        0x4 Drivers\STM32F4xx_HAL_Driver\Src\stm32f4xx_hal.o
                0x20000004                uwTickPrio
 .data.Stat     0x20000008        0x1 Src\sd_diskio.o
 .data.myFileName
                0x20000009       0x13 Src\sd_user_code.o
                0x20000009                myFileName
 .data.myWriteData
                0x2000001c       0x53 Src\sd_user_code.o
                0x2000001c                myWriteData
 *fill*         0x2000006f        0x1 
 .data.SystemCoreClock
                0x20000070        0x4 Src\system_stm32f4xx.o
                0x20000070                SystemCoreClock
 .data._impure_ptr
                0x20000074        0x4 c:/program files (x86)/atollic/truestudio for stm32 9.2.0/armtools/bin/../lib/gcc/arm-atollic-eabi/6.3.1/../../../../arm-atollic-eabi/lib/armv7e-m/fpu\libc_nano.a(lib_a-impure.o)
                0x20000074                _impure_ptr
 .data.impure_data
                0x20000078       0x60 c:/program files (x86)/atollic/truestudio for stm32 9.2.0/armtools/bin/../lib/gcc/arm-atollic-eabi/6.3.1/../../../../arm-atollic-eabi/lib/armv7e-m/fpu\libc_nano.a(lib_a-impure.o)
                0x200000d8                . = ALIGN (0x4)
                0x200000d8                _edata = .

.igot.plt       0x200000d8        0x0 load address 0x08008498
 .igot.plt      0x200000d8        0x0 c:/program files (x86)/atollic/truestudio for stm32 9.2.0/armtools/bin/../lib/gcc/arm-atollic-eabi/6.3.1/armv7e-m/fpu/crtbegin.o
                0x200000d8                . = ALIGN (0x4)

.bss            0x200000d8     0x4dbc load address 0x08008498
                0x200000d8                _sbss = .
                0x200000d8                __bss_start__ = _sbss
 *(.bss)
 .bss           0x200000d8       0x1c c:/program files (x86)/atollic/truestudio for stm32 9.2.0/armtools/bin/../lib/gcc/arm-atollic-eabi/6.3.1/armv7e-m/fpu/crtbegin.o
 *(.bss*)
 .bss.FatFs     0x200000f4        0x4 Middlewares\Third_Party\FatFs\src\ff.o
 .bss.Files     0x200000f8       0x20 Middlewares\Third_Party\FatFs\src\ff.o
 .bss.Fsid      0x20000118        0x2 Middlewares\Third_Party\FatFs\src\ff.o
 *fill*         0x2000011a        0x2 
 .bss.disk      0x2000011c        0xc Middlewares\Third_Party\FatFs\src\ff_gen_drv.o
                0x2000011c                disk
 .bss.indexDAC  0x20000128        0x4 Src\main.o
                0x20000128                indexDAC
 .bss.mainTestArr
                0x2000012c      0x190 Src\main.o
                0x2000012c                mainTestArr
 .bss.FMC_Initialized
                0x200002bc        0x4 Src\stm32f4xx_hal_msp.o
 .bss.__malloc_free_list
                0x200002c0        0x4 c:/program files (x86)/atollic/truestudio for stm32 9.2.0/armtools/bin/../lib/gcc/arm-atollic-eabi/6.3.1/../../../../arm-atollic-eabi/lib/armv7e-m/fpu\libc_nano.a(lib_a-nano-mallocr.o)
                0x200002c0                __malloc_free_list
 .bss.__malloc_sbrk_start
                0x200002c4        0x4 c:/program files (x86)/atollic/truestudio for stm32 9.2.0/armtools/bin/../lib/gcc/arm-atollic-eabi/6.3.1/../../../../arm-atollic-eabi/lib/armv7e-m/fpu\libc_nano.a(lib_a-nano-mallocr.o)
                0x200002c4                __malloc_sbrk_start
 .bss.heap_end.5239
                0x200002c8        0x4 c:/program files (x86)/atollic/truestudio for stm32 9.2.0/armtools/bin/../lib/gcc/arm-atollic-eabi/6.3.1/../../../../arm-atollic-eabi/lib/armv7e-m/fpu\libnosys.a(sbrk.o)
 *(COMMON)
 COMMON         0x200002cc        0x4 Drivers\STM32F4xx_HAL_Driver\Src\stm32f4xx_hal.o
                0x200002cc                uwTick
 COMMON         0x200002d0       0x1c Src\EMbed_GPIO_General.o
                0x200002d0                hButton
                0x200002dc                hsystick
 COMMON         0x200002ec       0x58 Src\WaveHeader.o
                0x200002ec                WaveHdr
                0x20000318                WaveHdr_test
 COMMON         0x20000344     0x2070 Src\fatfs.o
                0x20000344                retSD
                0x20000345                SDPath
                0x2000034c                SDFile
                0x2000137c                SDFatFS
 COMMON         0x200023b4      0x1e4 Src\main.o
                0x200023b4                htim4
                0x200023f0                huart1
                0x20002430                hdac
                0x20002444                htim6
                0x20002480                hsd
                0x20002504                hdma_dac2
                0x20002564                hsdram1
 COMMON         0x20002598     0x22f0 Src\sd_user_code.o
                0x20002598                myReadBytes
                0x2000259c                picdata
                0x200026dc                sdramdata
                0x2000281c                myFatFS
                0x20003854                myFiles
                0x20004884                myWriteBytes
 COMMON         0x20004888      0x608 Src\uart_general.o
                0x20004888                uart1_general
                0x20004b8c                uart4_general
 COMMON         0x20004e90        0x4 c:/program files (x86)/atollic/truestudio for stm32 9.2.0/armtools/bin/../lib/gcc/arm-atollic-eabi/6.3.1/../../../../arm-atollic-eabi/lib/armv7e-m/fpu\libc_nano.a(lib_a-reent.o)
                0x20004e90                errno
                0x20004e94                . = ALIGN (0x4)
                0x20004e94                _ebss = .
                0x20004e94                __bss_end__ = _ebss

._user_heap_stack
                0x20004e94     0x6000 load address 0x08008498
                0x20004e94                . = ALIGN (0x4)
                0x20004e94                PROVIDE (end, .)
                [!provide]                PROVIDE (_end, .)
                0x20006e94                . = (. + _Min_Heap_Size)
 *fill*         0x20004e94     0x2000 
                0x2000ae94                . = (. + _Min_Stack_Size)
 *fill*         0x20006e94     0x4000 
                0x2000ae94                . = ALIGN (0x4)

/DISCARD/
 libc.a(*)
 libm.a(*)
 libgcc.a(*)

.ARM.attributes
                0x00000000       0x30
 *(.ARM.attributes)
 .ARM.attributes
                0x00000000       0x22 c:/program files (x86)/atollic/truestudio for stm32 9.2.0/armtools/bin/../lib/gcc/arm-atollic-eabi/6.3.1/armv7e-m/fpu/crti.o
 .ARM.attributes
                0x00000022       0x34 c:/program files (x86)/atollic/truestudio for stm32 9.2.0/armtools/bin/../lib/gcc/arm-atollic-eabi/6.3.1/armv7e-m/fpu/crtbegin.o
 .ARM.attributes
                0x00000056       0x39 Drivers\STM32F4xx_HAL_Driver\Src\stm32f4xx_hal.o
 .ARM.attributes
                0x0000008f       0x39 Drivers\STM32F4xx_HAL_Driver\Src\stm32f4xx_hal_cortex.o
 .ARM.attributes
                0x000000c8       0x39 Drivers\STM32F4xx_HAL_Driver\Src\stm32f4xx_hal_dac.o
 .ARM.attributes
                0x00000101       0x39 Drivers\STM32F4xx_HAL_Driver\Src\stm32f4xx_hal_dma.o
 .ARM.attributes
                0x0000013a       0x39 Drivers\STM32F4xx_HAL_Driver\Src\stm32f4xx_hal_gpio.o
 .ARM.attributes
                0x00000173       0x39 Drivers\STM32F4xx_HAL_Driver\Src\stm32f4xx_hal_rcc.o
 .ARM.attributes
                0x000001ac       0x39 Drivers\STM32F4xx_HAL_Driver\Src\stm32f4xx_hal_rcc_ex.o
 .ARM.attributes
                0x000001e5       0x39 Drivers\STM32F4xx_HAL_Driver\Src\stm32f4xx_hal_sd.o
 .ARM.attributes
                0x0000021e       0x39 Drivers\STM32F4xx_HAL_Driver\Src\stm32f4xx_hal_sdram.o
 .ARM.attributes
                0x00000257       0x39 Drivers\STM32F4xx_HAL_Driver\Src\stm32f4xx_hal_tim.o
 .ARM.attributes
                0x00000290       0x39 Drivers\STM32F4xx_HAL_Driver\Src\stm32f4xx_hal_tim_ex.o
 .ARM.attributes
                0x000002c9       0x39 Drivers\STM32F4xx_HAL_Driver\Src\stm32f4xx_hal_uart.o
 .ARM.attributes
                0x00000302       0x39 Drivers\STM32F4xx_HAL_Driver\Src\stm32f4xx_ll_fmc.o
 .ARM.attributes
                0x0000033b       0x39 Drivers\STM32F4xx_HAL_Driver\Src\stm32f4xx_ll_sdmmc.o
 .ARM.attributes
                0x00000374       0x39 Middlewares\Third_Party\FatFs\src\diskio.o
 .ARM.attributes
                0x000003ad       0x39 Middlewares\Third_Party\FatFs\src\ff.o
 .ARM.attributes
                0x000003e6       0x39 Middlewares\Third_Party\FatFs\src\ff_gen_drv.o
 .ARM.attributes
                0x0000041f       0x39 Middlewares\Third_Party\FatFs\src\option\ccsbcs.o
 .ARM.attributes
                0x00000458       0x39 Middlewares\Third_Party\FatFs\src\option\syscall.o
 .ARM.attributes
                0x00000491       0x39 Src\EMbed_GPIO_General.o
 .ARM.attributes
                0x000004ca       0x39 Src\WaveHeader.o
 .ARM.attributes
                0x00000503       0x39 Src\bsp_driver_sd.o
 .ARM.attributes
                0x0000053c       0x39 Src\fatfs.o
 .ARM.attributes
                0x00000575       0x39 Src\fatfs_platform.o
 .ARM.attributes
                0x000005ae       0x39 Src\main.o
 .ARM.attributes
                0x000005e7       0x39 Src\sd_diskio.o
 .ARM.attributes
                0x00000620       0x39 Src\sd_user_code.o
 .ARM.attributes
                0x00000659       0x39 Src\stm32f4xx_hal_msp.o
 .ARM.attributes
                0x00000692       0x39 Src\stm32f4xx_it.o
 .ARM.attributes
                0x000006cb       0x39 Src\system_stm32f4xx.o
 .ARM.attributes
                0x00000704       0x39 Src\uart_general.o
 .ARM.attributes
                0x0000073d       0x21 startup\startup_stm32f446xx.o
 .ARM.attributes
                0x0000075e       0x34 c:/program files (x86)/atollic/truestudio for stm32 9.2.0/armtools/bin/../lib/gcc/arm-atollic-eabi/6.3.1/../../../../arm-atollic-eabi/lib/armv7e-m/fpu\libc_nano.a(lib_a-init.o)
 .ARM.attributes
                0x00000792       0x34 c:/program files (x86)/atollic/truestudio for stm32 9.2.0/armtools/bin/../lib/gcc/arm-atollic-eabi/6.3.1/../../../../arm-atollic-eabi/lib/armv7e-m/fpu\libc_nano.a(lib_a-malloc.o)
 .ARM.attributes
                0x000007c6       0x34 c:/program files (x86)/atollic/truestudio for stm32 9.2.0/armtools/bin/../lib/gcc/arm-atollic-eabi/6.3.1/../../../../arm-atollic-eabi/lib/armv7e-m/fpu\libc_nano.a(lib_a-memcmp.o)
 .ARM.attributes
                0x000007fa       0x34 c:/program files (x86)/atollic/truestudio for stm32 9.2.0/armtools/bin/../lib/gcc/arm-atollic-eabi/6.3.1/../../../../arm-atollic-eabi/lib/armv7e-m/fpu\libc_nano.a(lib_a-memset.o)
 .ARM.attributes
                0x0000082e       0x34 c:/program files (x86)/atollic/truestudio for stm32 9.2.0/armtools/bin/../lib/gcc/arm-atollic-eabi/6.3.1/../../../../arm-atollic-eabi/lib/armv7e-m/fpu\libc_nano.a(lib_a-nano-freer.o)
 .ARM.attributes
                0x00000862       0x34 c:/program files (x86)/atollic/truestudio for stm32 9.2.0/armtools/bin/../lib/gcc/arm-atollic-eabi/6.3.1/../../../../arm-atollic-eabi/lib/armv7e-m/fpu\libc_nano.a(lib_a-nano-mallocr.o)
 .ARM.attributes
                0x00000896       0x34 c:/program files (x86)/atollic/truestudio for stm32 9.2.0/armtools/bin/../lib/gcc/arm-atollic-eabi/6.3.1/../../../../arm-atollic-eabi/lib/armv7e-m/fpu\libc_nano.a(lib_a-sbrkr.o)
 .ARM.attributes
                0x000008ca       0x34 c:/program files (x86)/atollic/truestudio for stm32 9.2.0/armtools/bin/../lib/gcc/arm-atollic-eabi/6.3.1/../../../../arm-atollic-eabi/lib/armv7e-m/fpu\libc_nano.a(lib_a-sprintf.o)
 .ARM.attributes
                0x000008fe       0x1b c:/program files (x86)/atollic/truestudio for stm32 9.2.0/armtools/bin/../lib/gcc/arm-atollic-eabi/6.3.1/../../../../arm-atollic-eabi/lib/armv7e-m/fpu\libc_nano.a(lib_a-strlen.o)
 .ARM.attributes
                0x00000919       0x34 c:/program files (x86)/atollic/truestudio for stm32 9.2.0/armtools/bin/../lib/gcc/arm-atollic-eabi/6.3.1/../../../../arm-atollic-eabi/lib/armv7e-m/fpu\libc_nano.a(lib_a-impure.o)
 .ARM.attributes
                0x0000094d       0x34 c:/program files (x86)/atollic/truestudio for stm32 9.2.0/armtools/bin/../lib/gcc/arm-atollic-eabi/6.3.1/../../../../arm-atollic-eabi/lib/armv7e-m/fpu\libc_nano.a(lib_a-mlock.o)
 .ARM.attributes
                0x00000981       0x34 c:/program files (x86)/atollic/truestudio for stm32 9.2.0/armtools/bin/../lib/gcc/arm-atollic-eabi/6.3.1/../../../../arm-atollic-eabi/lib/armv7e-m/fpu\libc_nano.a(lib_a-nano-svfprintf.o)
 .ARM.attributes
                0x000009b5       0x34 c:/program files (x86)/atollic/truestudio for stm32 9.2.0/armtools/bin/../lib/gcc/arm-atollic-eabi/6.3.1/../../../../arm-atollic-eabi/lib/armv7e-m/fpu\libc_nano.a(lib_a-nano-vfprintf_i.o)
 .ARM.attributes
                0x000009e9       0x34 c:/program files (x86)/atollic/truestudio for stm32 9.2.0/armtools/bin/../lib/gcc/arm-atollic-eabi/6.3.1/../../../../arm-atollic-eabi/lib/armv7e-m/fpu\libc_nano.a(lib_a-reent.o)
 .ARM.attributes
                0x00000a1d       0x20 c:/program files (x86)/atollic/truestudio for stm32 9.2.0/armtools/bin/../lib/gcc/arm-atollic-eabi/6.3.1/../../../../arm-atollic-eabi/lib/armv7e-m/fpu\libc_nano.a(lib_a-memchr.o)
 .ARM.attributes
                0x00000a3d       0x34 c:/program files (x86)/atollic/truestudio for stm32 9.2.0/armtools/bin/../lib/gcc/arm-atollic-eabi/6.3.1/../../../../arm-atollic-eabi/lib/armv7e-m/fpu\libc_nano.a(lib_a-memcpy-stub.o)
 .ARM.attributes
                0x00000a71       0x34 c:/program files (x86)/atollic/truestudio for stm32 9.2.0/armtools/bin/../lib/gcc/arm-atollic-eabi/6.3.1/../../../../arm-atollic-eabi/lib/armv7e-m/fpu\libc_nano.a(lib_a-memmove.o)
 .ARM.attributes
                0x00000aa5       0x34 c:/program files (x86)/atollic/truestudio for stm32 9.2.0/armtools/bin/../lib/gcc/arm-atollic-eabi/6.3.1/../../../../arm-atollic-eabi/lib/armv7e-m/fpu\libc_nano.a(lib_a-nano-reallocr.o)
 .ARM.attributes
                0x00000ad9       0x34 c:/program files (x86)/atollic/truestudio for stm32 9.2.0/armtools/bin/../lib/gcc/arm-atollic-eabi/6.3.1/../../../../arm-atollic-eabi/lib/armv7e-m/fpu\libc_nano.a(lib_a-nano-msizer.o)
 .ARM.attributes
                0x00000b0d       0x34 c:/program files (x86)/atollic/truestudio for stm32 9.2.0/armtools/bin/../lib/gcc/arm-atollic-eabi/6.3.1/../../../../arm-atollic-eabi/lib/armv7e-m/fpu\libm.a(lib_a-s_sin.o)
 .ARM.attributes
                0x00000b41       0x34 c:/program files (x86)/atollic/truestudio for stm32 9.2.0/armtools/bin/../lib/gcc/arm-atollic-eabi/6.3.1/../../../../arm-atollic-eabi/lib/armv7e-m/fpu\libm.a(lib_a-e_rem_pio2.o)
 .ARM.attributes
                0x00000b75       0x34 c:/program files (x86)/atollic/truestudio for stm32 9.2.0/armtools/bin/../lib/gcc/arm-atollic-eabi/6.3.1/../../../../arm-atollic-eabi/lib/armv7e-m/fpu\libm.a(lib_a-k_cos.o)
 .ARM.attributes
                0x00000ba9       0x34 c:/program files (x86)/atollic/truestudio for stm32 9.2.0/armtools/bin/../lib/gcc/arm-atollic-eabi/6.3.1/../../../../arm-atollic-eabi/lib/armv7e-m/fpu\libm.a(lib_a-k_rem_pio2.o)
 .ARM.attributes
                0x00000bdd       0x34 c:/program files (x86)/atollic/truestudio for stm32 9.2.0/armtools/bin/../lib/gcc/arm-atollic-eabi/6.3.1/../../../../arm-atollic-eabi/lib/armv7e-m/fpu\libm.a(lib_a-k_sin.o)
 .ARM.attributes
                0x00000c11       0x34 c:/program files (x86)/atollic/truestudio for stm32 9.2.0/armtools/bin/../lib/gcc/arm-atollic-eabi/6.3.1/../../../../arm-atollic-eabi/lib/armv7e-m/fpu\libm.a(lib_a-s_fabs.o)
 .ARM.attributes
                0x00000c45       0x34 c:/program files (x86)/atollic/truestudio for stm32 9.2.0/armtools/bin/../lib/gcc/arm-atollic-eabi/6.3.1/../../../../arm-atollic-eabi/lib/armv7e-m/fpu\libm.a(lib_a-s_floor.o)
 .ARM.attributes
                0x00000c79       0x34 c:/program files (x86)/atollic/truestudio for stm32 9.2.0/armtools/bin/../lib/gcc/arm-atollic-eabi/6.3.1/../../../../arm-atollic-eabi/lib/armv7e-m/fpu\libm.a(lib_a-s_scalbn.o)
 .ARM.attributes
                0x00000cad       0x34 c:/program files (x86)/atollic/truestudio for stm32 9.2.0/armtools/bin/../lib/gcc/arm-atollic-eabi/6.3.1/../../../../arm-atollic-eabi/lib/armv7e-m/fpu\libm.a(lib_a-s_copysign.o)
 .ARM.attributes
                0x00000ce1       0x22 c:/program files (x86)/atollic/truestudio for stm32 9.2.0/armtools/bin/../lib/gcc/arm-atollic-eabi/6.3.1/armv7e-m/fpu\libgcc.a(_arm_addsubdf3.o)
 .ARM.attributes
                0x00000d03       0x22 c:/program files (x86)/atollic/truestudio for stm32 9.2.0/armtools/bin/../lib/gcc/arm-atollic-eabi/6.3.1/armv7e-m/fpu\libgcc.a(_arm_muldivdf3.o)
 .ARM.attributes
                0x00000d25       0x22 c:/program files (x86)/atollic/truestudio for stm32 9.2.0/armtools/bin/../lib/gcc/arm-atollic-eabi/6.3.1/armv7e-m/fpu\libgcc.a(_arm_cmpdf2.o)
 .ARM.attributes
                0x00000d47       0x22 c:/program files (x86)/atollic/truestudio for stm32 9.2.0/armtools/bin/../lib/gcc/arm-atollic-eabi/6.3.1/armv7e-m/fpu\libgcc.a(_arm_fixdfsi.o)
 .ARM.attributes
                0x00000d69       0x22 c:/program files (x86)/atollic/truestudio for stm32 9.2.0/armtools/bin/../lib/gcc/arm-atollic-eabi/6.3.1/armv7e-m/fpu\libgcc.a(_arm_truncdfsf2.o)
 .ARM.attributes
                0x00000d8b       0x22 c:/program files (x86)/atollic/truestudio for stm32 9.2.0/armtools/bin/../lib/gcc/arm-atollic-eabi/6.3.1/armv7e-m/fpu\libgcc.a(_aeabi_uldivmod.o)
 .ARM.attributes
                0x00000dad       0x34 c:/program files (x86)/atollic/truestudio for stm32 9.2.0/armtools/bin/../lib/gcc/arm-atollic-eabi/6.3.1/armv7e-m/fpu\libgcc.a(_udivmoddi4.o)
 .ARM.attributes
                0x00000de1       0x22 c:/program files (x86)/atollic/truestudio for stm32 9.2.0/armtools/bin/../lib/gcc/arm-atollic-eabi/6.3.1/armv7e-m/fpu\libgcc.a(_dvmd_tls.o)
 .ARM.attributes
                0x00000e03       0x34 c:/program files (x86)/atollic/truestudio for stm32 9.2.0/armtools/bin/../lib/gcc/arm-atollic-eabi/6.3.1/../../../../arm-atollic-eabi/lib/armv7e-m/fpu\libnosys.a(sbrk.o)
 .ARM.attributes
                0x00000e37       0x22 c:/program files (x86)/atollic/truestudio for stm32 9.2.0/armtools/bin/../lib/gcc/arm-atollic-eabi/6.3.1/armv7e-m/fpu/crtn.o
OUTPUT(stm32f4_DACtoWAV.elf elf32-littlearm)

.debug_info     0x00000000    0x304db
 .debug_info    0x00000000     0x123e Drivers\STM32F4xx_HAL_Driver\Src\stm32f4xx_hal.o
 .debug_info    0x0000123e     0x1762 Drivers\STM32F4xx_HAL_Driver\Src\stm32f4xx_hal_cortex.o
 .debug_info    0x000029a0     0x1287 Drivers\STM32F4xx_HAL_Driver\Src\stm32f4xx_hal_dac.o
 .debug_info    0x00003c27     0x125c Drivers\STM32F4xx_HAL_Driver\Src\stm32f4xx_hal_dma.o
 .debug_info    0x00004e83      0xfd6 Drivers\STM32F4xx_HAL_Driver\Src\stm32f4xx_hal_gpio.o
 .debug_info    0x00005e59     0x12a9 Drivers\STM32F4xx_HAL_Driver\Src\stm32f4xx_hal_rcc.o
 .debug_info    0x00007102     0x13fa Drivers\STM32F4xx_HAL_Driver\Src\stm32f4xx_hal_rcc_ex.o
 .debug_info    0x000084fc     0x2aa1 Drivers\STM32F4xx_HAL_Driver\Src\stm32f4xx_hal_sd.o
 .debug_info    0x0000af9d     0x15af Drivers\STM32F4xx_HAL_Driver\Src\stm32f4xx_hal_sdram.o
 .debug_info    0x0000c54c     0x3ba2 Drivers\STM32F4xx_HAL_Driver\Src\stm32f4xx_hal_tim.o
 .debug_info    0x000100ee     0x19a5 Drivers\STM32F4xx_HAL_Driver\Src\stm32f4xx_hal_tim_ex.o
 .debug_info    0x00011a93     0x1ea3 Drivers\STM32F4xx_HAL_Driver\Src\stm32f4xx_hal_uart.o
 .debug_info    0x00013936     0x14dd Drivers\STM32F4xx_HAL_Driver\Src\stm32f4xx_ll_fmc.o
 .debug_info    0x00014e13     0x1ee5 Drivers\STM32F4xx_HAL_Driver\Src\stm32f4xx_ll_sdmmc.o
 .debug_info    0x00016cf8      0xcc9 Middlewares\Third_Party\FatFs\src\diskio.o
 .debug_info    0x000179c1     0x5948 Middlewares\Third_Party\FatFs\src\ff.o
 .debug_info    0x0001d309      0xcff Middlewares\Third_Party\FatFs\src\ff_gen_drv.o
 .debug_info    0x0001e008      0xa7b Middlewares\Third_Party\FatFs\src\option\ccsbcs.o
 .debug_info    0x0001ea83      0x9cb Middlewares\Third_Party\FatFs\src\option\syscall.o
 .debug_info    0x0001f44e     0x1b3d Src\EMbed_GPIO_General.o
 .debug_info    0x00020f8b     0x1b32 Src\WaveHeader.o
 .debug_info    0x00022abd     0x1455 Src\bsp_driver_sd.o
 .debug_info    0x00023f12      0xd7d Src\fatfs.o
 .debug_info    0x00024c8f      0xa51 Src\fatfs_platform.o
 .debug_info    0x000256e0     0x2feb Src\main.o
 .debug_info    0x000286cb      0xee9 Src\sd_diskio.o
 .debug_info    0x000295b4     0x17f4 Src\sd_user_code.o
 .debug_info    0x0002ada8     0x22ce Src\stm32f4xx_hal_msp.o
 .debug_info    0x0002d076     0x1452 Src\stm32f4xx_it.o
 .debug_info    0x0002e4c8      0xd50 Src\system_stm32f4xx.o
 .debug_info    0x0002f218     0x1259 Src\uart_general.o
 .debug_info    0x00030471       0x6a startup\startup_stm32f446xx.o

.debug_abbrev   0x00000000     0x5760
 .debug_abbrev  0x00000000      0x308 Drivers\STM32F4xx_HAL_Driver\Src\stm32f4xx_hal.o
 .debug_abbrev  0x00000308      0x399 Drivers\STM32F4xx_HAL_Driver\Src\stm32f4xx_hal_cortex.o
 .debug_abbrev  0x000006a1      0x2f4 Drivers\STM32F4xx_HAL_Driver\Src\stm32f4xx_hal_dac.o
 .debug_abbrev  0x00000995      0x34a Drivers\STM32F4xx_HAL_Driver\Src\stm32f4xx_hal_dma.o
 .debug_abbrev  0x00000cdf      0x268 Drivers\STM32F4xx_HAL_Driver\Src\stm32f4xx_hal_gpio.o
 .debug_abbrev  0x00000f47      0x353 Drivers\STM32F4xx_HAL_Driver\Src\stm32f4xx_hal_rcc.o
 .debug_abbrev  0x0000129a      0x295 Drivers\STM32F4xx_HAL_Driver\Src\stm32f4xx_hal_rcc_ex.o
 .debug_abbrev  0x0000152f      0x3bc Drivers\STM32F4xx_HAL_Driver\Src\stm32f4xx_hal_sd.o
 .debug_abbrev  0x000018eb      0x2da Drivers\STM32F4xx_HAL_Driver\Src\stm32f4xx_hal_sdram.o
 .debug_abbrev  0x00001bc5      0x3ac Drivers\STM32F4xx_HAL_Driver\Src\stm32f4xx_hal_tim.o
 .debug_abbrev  0x00001f71      0x300 Drivers\STM32F4xx_HAL_Driver\Src\stm32f4xx_hal_tim_ex.o
 .debug_abbrev  0x00002271      0x397 Drivers\STM32F4xx_HAL_Driver\Src\stm32f4xx_hal_uart.o
 .debug_abbrev  0x00002608      0x24b Drivers\STM32F4xx_HAL_Driver\Src\stm32f4xx_ll_fmc.o
 .debug_abbrev  0x00002853      0x345 Drivers\STM32F4xx_HAL_Driver\Src\stm32f4xx_ll_sdmmc.o
 .debug_abbrev  0x00002b98      0x23d Middlewares\Third_Party\FatFs\src\diskio.o
 .debug_abbrev  0x00002dd5      0x427 Middlewares\Third_Party\FatFs\src\ff.o
 .debug_abbrev  0x000031fc      0x2a5 Middlewares\Third_Party\FatFs\src\ff_gen_drv.o
 .debug_abbrev  0x000034a1      0x1d2 Middlewares\Third_Party\FatFs\src\option\ccsbcs.o
 .debug_abbrev  0x00003673      0x1d0 Middlewares\Third_Party\FatFs\src\option\syscall.o
 .debug_abbrev  0x00003843      0x2d1 Src\EMbed_GPIO_General.o
 .debug_abbrev  0x00003b14      0x2ea Src\WaveHeader.o
 .debug_abbrev  0x00003dfe      0x31e Src\bsp_driver_sd.o
 .debug_abbrev  0x0000411c      0x204 Src\fatfs.o
 .debug_abbrev  0x00004320      0x1d8 Src\fatfs_platform.o
 .debug_abbrev  0x000044f8      0x35e Src\main.o
 .debug_abbrev  0x00004856      0x2dd Src\sd_diskio.o
 .debug_abbrev  0x00004b33      0x252 Src\sd_user_code.o
 .debug_abbrev  0x00004d85      0x313 Src\stm32f4xx_hal_msp.o
 .debug_abbrev  0x00005098      0x262 Src\stm32f4xx_it.o
 .debug_abbrev  0x000052fa      0x1ca Src\system_stm32f4xx.o
 .debug_abbrev  0x000054c4      0x28a Src\uart_general.o
 .debug_abbrev  0x0000574e       0x12 startup\startup_stm32f446xx.o

.debug_loc      0x00000000    0x124e5
 .debug_loc     0x00000000      0x11b Drivers\STM32F4xx_HAL_Driver\Src\stm32f4xx_hal.o
 .debug_loc     0x0000011b      0x4fb Drivers\STM32F4xx_HAL_Driver\Src\stm32f4xx_hal_cortex.o
 .debug_loc     0x00000616      0x6bf Drivers\STM32F4xx_HAL_Driver\Src\stm32f4xx_hal_dac.o
 .debug_loc     0x00000cd5      0x727 Drivers\STM32F4xx_HAL_Driver\Src\stm32f4xx_hal_dma.o
 .debug_loc     0x000013fc      0x3cd Drivers\STM32F4xx_HAL_Driver\Src\stm32f4xx_hal_gpio.o
 .debug_loc     0x000017c9      0x336 Drivers\STM32F4xx_HAL_Driver\Src\stm32f4xx_hal_rcc.o
 .debug_loc     0x00001aff      0xa31 Drivers\STM32F4xx_HAL_Driver\Src\stm32f4xx_hal_rcc_ex.o
 .debug_loc     0x00002530     0x1b70 Drivers\STM32F4xx_HAL_Driver\Src\stm32f4xx_hal_sd.o
 .debug_loc     0x000040a0      0x9b6 Drivers\STM32F4xx_HAL_Driver\Src\stm32f4xx_hal_sdram.o
 .debug_loc     0x00004a56     0x30b2 Drivers\STM32F4xx_HAL_Driver\Src\stm32f4xx_hal_tim.o
 .debug_loc     0x00007b08      0x84a Drivers\STM32F4xx_HAL_Driver\Src\stm32f4xx_hal_tim_ex.o
 .debug_loc     0x00008352     0x132c Drivers\STM32F4xx_HAL_Driver\Src\stm32f4xx_hal_uart.o
 .debug_loc     0x0000967e      0x85a Drivers\STM32F4xx_HAL_Driver\Src\stm32f4xx_ll_fmc.o
 .debug_loc     0x00009ed8      0xedf Drivers\STM32F4xx_HAL_Driver\Src\stm32f4xx_ll_sdmmc.o
 .debug_loc     0x0000adb7      0x1c6 Middlewares\Third_Party\FatFs\src\diskio.o
 .debug_loc     0x0000af7d     0x5eae Middlewares\Third_Party\FatFs\src\ff.o
 .debug_loc     0x00010e2b      0x216 Middlewares\Third_Party\FatFs\src\ff_gen_drv.o
 .debug_loc     0x00011041      0x253 Middlewares\Third_Party\FatFs\src\option\ccsbcs.o
 .debug_loc     0x00011294       0x42 Middlewares\Third_Party\FatFs\src\option\syscall.o
 .debug_loc     0x000112d6       0xe3 Src\EMbed_GPIO_General.o
 .debug_loc     0x000113b9      0x168 Src\WaveHeader.o
 .debug_loc     0x00011521      0x435 Src\bsp_driver_sd.o
 .debug_loc     0x00011956       0x25 Src\fatfs_platform.o
 .debug_loc     0x0001197b       0x21 Src\main.o
 .debug_loc     0x0001199c      0x3a5 Src\sd_diskio.o
 .debug_loc     0x00011d41      0x234 Src\sd_user_code.o
 .debug_loc     0x00011f75      0x1b8 Src\stm32f4xx_hal_msp.o
 .debug_loc     0x0001212d      0x11c Src\system_stm32f4xx.o
 .debug_loc     0x00012249      0x29c Src\uart_general.o

.debug_aranges  0x00000000     0x1288
 .debug_aranges
                0x00000000       0xd8 Drivers\STM32F4xx_HAL_Driver\Src\stm32f4xx_hal.o
 .debug_aranges
                0x000000d8       0xa8 Drivers\STM32F4xx_HAL_Driver\Src\stm32f4xx_hal_cortex.o
 .debug_aranges
                0x00000180       0x98 Drivers\STM32F4xx_HAL_Driver\Src\stm32f4xx_hal_dac.o
 .debug_aranges
                0x00000218       0x80 Drivers\STM32F4xx_HAL_Driver\Src\stm32f4xx_hal_dma.o
 .debug_aranges
                0x00000298       0x58 Drivers\STM32F4xx_HAL_Driver\Src\stm32f4xx_hal_gpio.o
 .debug_aranges
                0x000002f0       0x88 Drivers\STM32F4xx_HAL_Driver\Src\stm32f4xx_hal_rcc.o
 .debug_aranges
                0x00000378       0x78 Drivers\STM32F4xx_HAL_Driver\Src\stm32f4xx_hal_rcc_ex.o
 .debug_aranges
                0x000003f0       0xf8 Drivers\STM32F4xx_HAL_Driver\Src\stm32f4xx_hal_sd.o
 .debug_aranges
                0x000004e8       0xb0 Drivers\STM32F4xx_HAL_Driver\Src\stm32f4xx_hal_sdram.o
 .debug_aranges
                0x00000598      0x250 Drivers\STM32F4xx_HAL_Driver\Src\stm32f4xx_hal_tim.o
 .debug_aranges
                0x000007e8       0xf0 Drivers\STM32F4xx_HAL_Driver\Src\stm32f4xx_hal_tim_ex.o
 .debug_aranges
                0x000008d8      0x170 Drivers\STM32F4xx_HAL_Driver\Src\stm32f4xx_hal_uart.o
 .debug_aranges
                0x00000a48       0xc8 Drivers\STM32F4xx_HAL_Driver\Src\stm32f4xx_ll_fmc.o
 .debug_aranges
                0x00000b10      0x150 Drivers\STM32F4xx_HAL_Driver\Src\stm32f4xx_ll_sdmmc.o
 .debug_aranges
                0x00000c60       0x48 Middlewares\Third_Party\FatFs\src\diskio.o
 .debug_aranges
                0x00000ca8      0x1d0 Middlewares\Third_Party\FatFs\src\ff.o
 .debug_aranges
                0x00000e78       0x40 Middlewares\Third_Party\FatFs\src\ff_gen_drv.o
 .debug_aranges
                0x00000eb8       0x28 Middlewares\Third_Party\FatFs\src\option\ccsbcs.o
 .debug_aranges
                0x00000ee0       0x28 Middlewares\Third_Party\FatFs\src\option\syscall.o
 .debug_aranges
                0x00000f08       0x40 Src\EMbed_GPIO_General.o
 .debug_aranges
                0x00000f48       0x30 Src\WaveHeader.o
 .debug_aranges
                0x00000f78       0xa8 Src\bsp_driver_sd.o
 .debug_aranges
                0x00001020       0x28 Src\fatfs.o
 .debug_aranges
                0x00001048       0x20 Src\fatfs_platform.o
 .debug_aranges
                0x00001068       0x38 Src\main.o
 .debug_aranges
                0x000010a0       0x48 Src\sd_diskio.o
 .debug_aranges
                0x000010e8       0x28 Src\sd_user_code.o
 .debug_aranges
                0x00001110       0x70 Src\stm32f4xx_hal_msp.o
 .debug_aranges
                0x00001180       0x60 Src\stm32f4xx_it.o
 .debug_aranges
                0x000011e0       0x28 Src\system_stm32f4xx.o
 .debug_aranges
                0x00001208       0x58 Src\uart_general.o
 .debug_aranges
                0x00001260       0x28 startup\startup_stm32f446xx.o

.debug_ranges   0x00000000     0x1a80
 .debug_ranges  0x00000000       0xc8 Drivers\STM32F4xx_HAL_Driver\Src\stm32f4xx_hal.o
 .debug_ranges  0x000000c8      0x138 Drivers\STM32F4xx_HAL_Driver\Src\stm32f4xx_hal_cortex.o
 .debug_ranges  0x00000200       0x88 Drivers\STM32F4xx_HAL_Driver\Src\stm32f4xx_hal_dac.o
 .debug_ranges  0x00000288       0xc8 Drivers\STM32F4xx_HAL_Driver\Src\stm32f4xx_hal_dma.o
 .debug_ranges  0x00000350       0x68 Drivers\STM32F4xx_HAL_Driver\Src\stm32f4xx_hal_gpio.o
 .debug_ranges  0x000003b8       0xb0 Drivers\STM32F4xx_HAL_Driver\Src\stm32f4xx_hal_rcc.o
 .debug_ranges  0x00000468       0x80 Drivers\STM32F4xx_HAL_Driver\Src\stm32f4xx_hal_rcc_ex.o
 .debug_ranges  0x000004e8      0x1f8 Drivers\STM32F4xx_HAL_Driver\Src\stm32f4xx_hal_sd.o
 .debug_ranges  0x000006e0       0xa0 Drivers\STM32F4xx_HAL_Driver\Src\stm32f4xx_hal_sdram.o
 .debug_ranges  0x00000780      0x330 Drivers\STM32F4xx_HAL_Driver\Src\stm32f4xx_hal_tim.o
 .debug_ranges  0x00000ab0       0xe0 Drivers\STM32F4xx_HAL_Driver\Src\stm32f4xx_hal_tim_ex.o
 .debug_ranges  0x00000b90      0x178 Drivers\STM32F4xx_HAL_Driver\Src\stm32f4xx_hal_uart.o
 .debug_ranges  0x00000d08       0xb8 Drivers\STM32F4xx_HAL_Driver\Src\stm32f4xx_ll_fmc.o
 .debug_ranges  0x00000dc0      0x1b8 Drivers\STM32F4xx_HAL_Driver\Src\stm32f4xx_ll_sdmmc.o
 .debug_ranges  0x00000f78       0x38 Middlewares\Third_Party\FatFs\src\diskio.o
 .debug_ranges  0x00000fb0      0x528 Middlewares\Third_Party\FatFs\src\ff.o
 .debug_ranges  0x000014d8       0x30 Middlewares\Third_Party\FatFs\src\ff_gen_drv.o
 .debug_ranges  0x00001508       0x18 Middlewares\Third_Party\FatFs\src\option\ccsbcs.o
 .debug_ranges  0x00001520       0x18 Middlewares\Third_Party\FatFs\src\option\syscall.o
 .debug_ranges  0x00001538       0x78 Src\EMbed_GPIO_General.o
 .debug_ranges  0x000015b0       0x60 Src\WaveHeader.o
 .debug_ranges  0x00001610       0x98 Src\bsp_driver_sd.o
 .debug_ranges  0x000016a8       0x18 Src\fatfs.o
 .debug_ranges  0x000016c0       0x10 Src\fatfs_platform.o
 .debug_ranges  0x000016d0      0x140 Src\main.o
 .debug_ranges  0x00001810       0x50 Src\sd_diskio.o
 .debug_ranges  0x00001860       0x18 Src\sd_user_code.o
 .debug_ranges  0x00001878      0x138 Src\stm32f4xx_hal_msp.o
 .debug_ranges  0x000019b0       0x50 Src\stm32f4xx_it.o
 .debug_ranges  0x00001a00       0x18 Src\system_stm32f4xx.o
 .debug_ranges  0x00001a18       0x48 Src\uart_general.o
 .debug_ranges  0x00001a60       0x20 startup\startup_stm32f446xx.o

.debug_line     0x00000000     0xbb87
 .debug_line    0x00000000      0x492 Drivers\STM32F4xx_HAL_Driver\Src\stm32f4xx_hal.o
 .debug_line    0x00000492      0x4dc Drivers\STM32F4xx_HAL_Driver\Src\stm32f4xx_hal_cortex.o
 .debug_line    0x0000096e      0x52e Drivers\STM32F4xx_HAL_Driver\Src\stm32f4xx_hal_dac.o
 .debug_line    0x00000e9c      0x5f7 Drivers\STM32F4xx_HAL_Driver\Src\stm32f4xx_hal_dma.o
 .debug_line    0x00001493      0x475 Drivers\STM32F4xx_HAL_Driver\Src\stm32f4xx_hal_gpio.o
 .debug_line    0x00001908      0x58b Drivers\STM32F4xx_HAL_Driver\Src\stm32f4xx_hal_rcc.o
 .debug_line    0x00001e93      0x78a Drivers\STM32F4xx_HAL_Driver\Src\stm32f4xx_hal_rcc_ex.o
 .debug_line    0x0000261d      0xa92 Drivers\STM32F4xx_HAL_Driver\Src\stm32f4xx_hal_sd.o
 .debug_line    0x000030af      0x5b4 Drivers\STM32F4xx_HAL_Driver\Src\stm32f4xx_hal_sdram.o
 .debug_line    0x00003663     0x117f Drivers\STM32F4xx_HAL_Driver\Src\stm32f4xx_hal_tim.o
 .debug_line    0x000047e2      0x6cb Drivers\STM32F4xx_HAL_Driver\Src\stm32f4xx_hal_tim_ex.o
 .debug_line    0x00004ead      0xbef Drivers\STM32F4xx_HAL_Driver\Src\stm32f4xx_hal_uart.o
 .debug_line    0x00005a9c      0x57a Drivers\STM32F4xx_HAL_Driver\Src\stm32f4xx_ll_fmc.o
 .debug_line    0x00006016      0x791 Drivers\STM32F4xx_HAL_Driver\Src\stm32f4xx_ll_sdmmc.o
 .debug_line    0x000067a7      0x336 Middlewares\Third_Party\FatFs\src\diskio.o
 .debug_line    0x00006add     0x161e Middlewares\Third_Party\FatFs\src\ff.o
 .debug_line    0x000080fb      0x33e Middlewares\Third_Party\FatFs\src\ff_gen_drv.o
 .debug_line    0x00008439      0x33c Middlewares\Third_Party\FatFs\src\option\ccsbcs.o
 .debug_line    0x00008775      0x302 Middlewares\Third_Party\FatFs\src\option\syscall.o
 .debug_line    0x00008a77      0x4c8 Src\EMbed_GPIO_General.o
 .debug_line    0x00008f3f      0x4aa Src\WaveHeader.o
 .debug_line    0x000093e9      0x412 Src\bsp_driver_sd.o
 .debug_line    0x000097fb      0x315 Src\fatfs.o
 .debug_line    0x00009b10      0x27c Src\fatfs_platform.o
 .debug_line    0x00009d8c      0x63f Src\main.o
 .debug_line    0x0000a3cb      0x3cf Src\sd_diskio.o
 .debug_line    0x0000a79a      0x3f2 Src\sd_user_code.o
 .debug_line    0x0000ab8c      0x540 Src\stm32f4xx_hal_msp.o
 .debug_line    0x0000b0cc      0x3a5 Src\stm32f4xx_it.o
 .debug_line    0x0000b471      0x275 Src\system_stm32f4xx.o
 .debug_line    0x0000b6e6      0x422 Src\uart_general.o
 .debug_line    0x0000bb08       0x7f startup\startup_stm32f446xx.o

.debug_str      0x00000000     0x67a5
 .debug_str     0x00000000      0xf21 Drivers\STM32F4xx_HAL_Driver\Src\stm32f4xx_hal.o
                               0x1012 (size before relaxing)
 .debug_str     0x00000f21      0x3c3 Drivers\STM32F4xx_HAL_Driver\Src\stm32f4xx_hal_cortex.o
                               0x10c4 (size before relaxing)
 .debug_str     0x000012e4      0x579 Drivers\STM32F4xx_HAL_Driver\Src\stm32f4xx_hal_dac.o
                                0xc3b (size before relaxing)
 .debug_str     0x0000185d      0x2ef Drivers\STM32F4xx_HAL_Driver\Src\stm32f4xx_hal_dma.o
                                0xbdf (size before relaxing)
 .debug_str     0x00001b4c      0x1d7 Drivers\STM32F4xx_HAL_Driver\Src\stm32f4xx_hal_gpio.o
                                0x97e (size before relaxing)
 .debug_str     0x00001d23      0x2ee Drivers\STM32F4xx_HAL_Driver\Src\stm32f4xx_hal_rcc.o
                                0xb56 (size before relaxing)
 .debug_str     0x00002011      0x33f Drivers\STM32F4xx_HAL_Driver\Src\stm32f4xx_hal_rcc_ex.o
                                0xc59 (size before relaxing)
 .debug_str     0x00002350      0xc3a Drivers\STM32F4xx_HAL_Driver\Src\stm32f4xx_hal_sd.o
                               0x15ce (size before relaxing)
 .debug_str     0x00002f8a      0x5c5 Drivers\STM32F4xx_HAL_Driver\Src\stm32f4xx_hal_sdram.o
                                0xebf (size before relaxing)
 .debug_str     0x0000354f      0xee2 Drivers\STM32F4xx_HAL_Driver\Src\stm32f4xx_hal_tim.o
                               0x181e (size before relaxing)
 .debug_str     0x00004431      0x50d Drivers\STM32F4xx_HAL_Driver\Src\stm32f4xx_hal_tim_ex.o
                               0x10de (size before relaxing)
 .debug_str     0x0000493e      0x682 Drivers\STM32F4xx_HAL_Driver\Src\stm32f4xx_hal_uart.o
                               0x105b (size before relaxing)
 .debug_str     0x00004fc0      0x3d4 Drivers\STM32F4xx_HAL_Driver\Src\stm32f4xx_ll_fmc.o
                                0xd2f (size before relaxing)
 .debug_str     0x00005394      0x1fc Drivers\STM32F4xx_HAL_Driver\Src\stm32f4xx_ll_sdmmc.o
                                0xc40 (size before relaxing)